
> customer-insights@0.1.0 build /Users/vusikhutswa/Desktop/customer-insights
> next build

▲ Next.js 16.1.6 (Turbopack)

  Creating an optimized production build ...
Found 1 warning while optimizing generated CSS:

[2m│   border-radius: 10px;[22m
[2m│ }[22m
[2m│[22m .dark ::webkit-scrollbar-thumb {
[2m┆[22m        [33m[2m^--[22m 'webkit-scrollbar-thumb' is not recognized as a valid pseudo-element. Did you mean ':webkit-scrollbar-thumb' (pseudo-class) or is this a typo?[39m
[2m┆[22m
[2m│   background: #27272a;[22m
[2m│ }[22m


> Build error occurred
Error: Turbopack build failed with 1 errors:
./app/globals.css:2:32299
Parsing CSS source code failed
[0m [90m 1 |[39m [90m/*! tailwindcss v4.1.18 | MIT License | https://tailwindcss.com */[39m
[31m[1m>[22m[39m[90m 2 |[39m [33m@[39mlayer properties{[33m@[39msupports ((([33m-[39mwebkit[33m-[39mhyphens[33m:[39mnone)) and (not (margin[33m-[39mtrim[33m:[39minline))) or (([33m-[39mmoz[33m-[39morient[33m:[39minline) and (not (color[33m:[39mrgb([36mfrom[39m red r g b)))){[33m*[39m[33m,[39m[33m:[39mbefore[33m,[39m[33m:[39mafter[33m,[39m[33m:[39m[33m:[39mbackdrop{[33m--[39mtw[33m-[39mtranslate[33m-[39mx[33m:[39m[35m0[39m[33m;[39m[33m--[39mtw[33m-[39mtranslate[33m-[39my[33m:[39m[35m0[39m[33m;[39m[33m--[39mtw[33m-[39mtranslate[33m-[39mz[33m:[39m[35m0[39m[33m;[39m[33m--[39mtw[33m-[39mspace[33m-[39mx[33m-[39mreverse[33m:[39m[35m0[39m[33m;[39m[33m--[39mtw[33m-[39mdivide[33m-[39my[33m-[39mreverse[33m:[39m[35m0[39m[33m;[39m[33m--[39mtw[33m-[39mborder[33m-[39mstyle[33m:[39msolid[33m;[39m[33m--[39mtw[33m-[39mgradient[33m-[39mposition[33m:[39minitial[33m;[39m[33m--[39mtw[33m-[39mgradient[33m-[39m[36mfrom[39m[33m:[39m[33m#[39m[35m0000[39m[33m;[39m[33m--[39mtw[33m-[39mgradient[33m-[39mvia[33m:[39m[33m#[39m[35m0000[39m[33m;[39m[33m--[39mtw[33m-[39mgradient[33m-[39mto[33m:[39m[33m#[39m[35m0000[39m[33m;[39m[33m--[39mtw[33m-[39mgradient[33m-[39mstops[33m:[39minitial[33m;[39m[33m--[39mtw[33m-[39mgradient[33m-[39mvia[33m-[39mstops[33m:[39minitial[33m;[39m[33m--[39mtw[33m-[39mgradient[33m-[39m[36mfrom[39m[33m-[39mposition[33m:[39m[35m0[39m[33m%[39m[33m;[39m[33m--[39mtw[33m-[39mgradient[33m-[39mvia[33m-[39mposition[33m:[39m[35m50[39m[33m%[39m[33m;[39m[33m--[39mtw[33m-[39mgradient[33m-[39mto[33m-[39mposition[33m:[39m[35m100[39m[33m%[39m[33m;[39m[33m--[39mtw[33m-[39mfont[33m-[39mweight[33m:[39minitial[33m;[39m[33m--[39mtw[33m-[39mtracking[33m:[39minitial[33m;[39m[33m--[39mtw[33m-[39mshadow[33m:[39m[35m0[39m [35m0[39m [33m#[39m[35m0000[39m[33m;[39m[33m--[39mtw[33m-[39mshadow[33m-[39mcolor[33m:[39minitial[33m;[39m[33m--[39mtw[33m-[39mshadow[33m-[39malpha[33m:[39m[35m100[39m[33m%[39m[33m;[39m[33m--[39mtw[33m-[39minset[33m-[39mshadow[33m:[39m[35m0[39m [35m0[39m [33m#[39m[35m0000[39m[33m;[39m[33m--[39mtw[33m-[39minset[33m-[39mshadow[33m-[39mcolor[33m:[39minitial[33m;[39m[33m--[39mtw[33m-[39minset[33m-[39mshadow[33m-[39malpha[33m:[39m[35m100[39m[33m%[39m[33m;[39m[33m--[39mtw[33m-[39mring[33m-[39mcolor[33m:[39minitial[33m;[39m[33m--[39mtw[33m-[39mring[33m-[39mshadow[33m:[39m[35m0[39m [35m0[39m [33m#[39m[35m0000[39m[33m;[39m[33m--[39mtw[33m-[39minset[33m-[39mring[33m-[39mcolor[33m:[39minitial[33m;[39m[33m--[39mtw[33m-[39minset[33m-[39mring[33m-[39mshadow[33m:[39m[35m0[39m [35m0[39m [33m#[39m[35m0000[39m[33m;[39m[33m--[39mtw[33m-[39mring[33m-[39minset[33m:[39minitial[33m;[39m[33m--[39mtw[33m-[39mring[33m-[39moffset[33m-[39mwidth[33m:[39m[35m0[39mpx[33m;[39m[33m--[39mtw[33m-[39mring[33m-[39moffset[33m-[39mcolor[33m:[39m[33m#[39mfff[33m;[39m[33m--[39mtw[33m-[39mring[33m-[39moffset[33m-[39mshadow[33m:[39m[35m0[39m [35m0[39m [33m#[39m[35m0000[39m[33m;[39m[33m--[39mtw[33m-[39mblur[33m:[39minitial[33m;[39m[33m--[39mtw[33m-[39mbrightness[33m:[39minitial[33m;[39m[33m--[39mtw[33m-[39mcontrast[33m:[39minitial[33m;[39m[33m--[39mtw[33m-[39mgrayscale[33m:[39minitial[33m;[39m[33m--[39mtw[33m-[39mhue[33m-[39mrotate[33m:[39minitial[33m;[39m[33m--[39mtw[33m-[39minvert[33m:[39minitial[33m;[39m[33m--[39mtw[33m-[39mopacity[33m:[39minitial[33m;[39m[33m--[39mtw[33m-[39msaturate[33m:[39minitial[33m;[39m[33m--[39mtw[33m-[39msepia[33m:[39minitial[33m;[39m[33m--[39mtw[33m-[39mdrop[33m-[39mshadow[33m:[39minitial[33m;[39m[33m--[39mtw[33m-[39mdrop[33m-[39mshadow[33m-[39mcolor[33m:[39minitial[33m;[39m[33m--[39mtw[33m-[39mdrop[33m-[39mshadow[33m-[39malpha[33m:[39m[35m100[39m[33m%[39m[33m;[39m[33m--[39mtw[33m-[39mdrop[33m-[39mshadow[33m-[39msize[33m:[39minitial[33m;[39m[33m--[39mtw[33m-[39mbackdrop[33m-[39mblur[33m:[39minitial[33m;[39m[33m--[39mtw[33m-[39mbackdrop[33m-[39mbrightness[33m:[39minitial[33m;[39m[33m--[39mtw[33m-[39mbackdrop[33m-[39mcontrast[33m:[39minitial[33m;[39m[33m--[39mtw[33m-[39mbackdrop[33m-[39mgrayscale[33m:[39minitial[33m;[39m[33m--[39mtw[33m-[39mbackdrop[33m-[39mhue[33m-[39mrotate[33m:[39minitial[33m;[39m[33m--[39mtw[33m-[39mbackdrop[33m-[39minvert[33m:[39minitial[33m;[39m[33m--[39mtw[33m-[39mbackdrop[33m-[39mopacity[33m:[39minitial[33m;[39m[33m--[39mtw[33m-[39mbackdrop[33m-[39msaturate[33m:[39minitial[33m;[39m[33m--[39mtw[33m-[39mbackdrop[33m-[39msepia[33m:[39minitial[33m;[39m[33m--[39mtw[33m-[39mduration[33m:[39minitial}}}[33m@[39mlayer theme{[33m:[39mroot[33m,[39m[33m:[39mhost{[33m--[39mfont[33m-[39msans[33m:[39m[36mvar[39m([33m--[39mfont[33m-[39mgeist[33m-[39msans)[33m;[39m[33m--[39mcolor[33m-[39mamber[33m-[39m[35m100[39m[33m:[39moklch([35m96.2[39m[33m%[39m [35m.059[39m [35m95.617[39m)[33m;[39m[33m--[39mcolor[33m-[39mamber[33m-[39m[35m400[39m[33m:[39moklch([35m82.8[39m[33m%[39m [35m.189[39m [35m84.429[39m)[33m;[39m[33m--[39mcolor[33m-[39mamber[33m-[39m[35m500[39m[33m:[39moklch([35m76.9[39m[33m%[39m [35m.188[39m [35m70.08[39m)[33m;[39m[33m--[39mcolor[33m-[39mamber[33m-[39m[35m700[39m[33m:[39moklch([35m55.5[39m[33m%[39m [35m.163[39m [35m48.998[39m)[33m;[39m[33m--[39mcolor[33m-[39mamber[33m-[39m[35m900[39m[33m:[39moklch([35m41.4[39m[33m%[39m [35m.112[39m [35m45.904[39m)[33m;[39m[33m--[39mcolor[33m-[39memerald[33m-[39m[35m100[39m[33m:[39moklch([35m95[39m[33m%[39m [35m.052[39m [35m163.051[39m)[33m;[39m[33m--[39mcolor[33m-[39memerald[33m-[39m[35m400[39m[33m:[39moklch([35m76.5[39m[33m%[39m [35m.177[39m [35m163.223[39m)[33m;[39m[33m--[39mcolor[33m-[39memerald[33m-[39m[35m500[39m[33m:[39moklch([35m69.6[39m[33m%[39m [35m.17[39m [35m162.48[39m)[33m;[39m[33m--[39mcolor[33m-[39memerald[33m-[39m[35m600[39m[33m:[39moklch([35m59.6[39m[33m%[39m [35m.145[39m [35m163.225[39m)[33m;[39m[33m--[39mcolor[33m-[39memerald[33m-[39m[35m700[39m[33m:[39moklch([35m50.8[39m[33m%[39m [35m.118[39m [35m165.612[39m)[33m;[39m[33m--[39mcolor[33m-[39memerald[33m-[39m[35m900[39m[33m:[39moklch([35m37.8[39m[33m%[39m [35m.077[39m [35m168.94[39m)[33m;[39m[33m--[39mcolor[33m-[39mindigo[33m-[39m[35m100[39m[33m:[39moklch([35m93[39m[33m%[39m [35m.034[39m [35m272.788[39m)[33m;[39m[33m--[39mcolor[33m-[39mindigo[33m-[39m[35m400[39m[33m:[39moklch([35m67.3[39m[33m%[39m [35m.182[39m [35m276.935[39m)[33m;[39m[33m--[39mcolor[33m-[39mindigo[33m-[39m[35m500[39m[33m:[39moklch([35m58.5[39m[33m%[39m [35m.233[39m [35m277.117[39m)[33m;[39m[33m--[39mcolor[33m-[39mindigo[33m-[39m[35m600[39m[33m:[39moklch([35m51.1[39m[33m%[39m [35m.262[39m [35m276.966[39m)[33m;[39m[33m--[39mcolor[33m-[39mindigo[33m-[39m[35m900[39m[33m:[39moklch([35m35.9[39m[33m%[39m [35m.144[39m [35m278.697[39m)[33m;[39m[33m--[39mcolor[33m-[39mpurple[33m-[39m[35m600[39m[33m:[39moklch([35m55.8[39m[33m%[39m [35m.288[39m [35m302.321[39m)[33m;[39m[33m--[39mcolor[33m-[39mrose[33m-[39m[35m100[39m[33m:[39moklch([35m94.1[39m[33m%[39m [35m.03[39m [35m12.58[39m)[33m;[39m[33m--[39mcolor[33m-[39mrose[33m-[39m[35m400[39m[33m:[39moklch([35m71.2[39m[33m%[39m [35m.194[39m [35m13.428[39m)[33m;[39m[33m--[39mcolor[33m-[39mrose[33m-[39m[35m500[39m[33m:[39moklch([35m64.5[39m[33m%[39m [35m.246[39m [35m16.439[39m)[33m;[39m[33m--[39mcolor[33m-[39mrose[33m-[39m[35m700[39m[33m:[39moklch([35m51.4[39m[33m%[39m [35m.222[39m [35m16.935[39m)[33m;[39m[33m--[39mcolor[33m-[39mrose[33m-[39m[35m900[39m[33m:[39moklch([35m41[39m[33m%[39m [35m.159[39m [35m10.272[39m)[33m;[39m[33m--[39mcolor[33m-[39mzinc[33m-[39m[35m50[39m[33m:[39moklch([35m98.5[39m[33m%[39m [35m0[39m [35m0[39m)[33m;[39m[33m--[39mcolor[33m-[39mzinc[33m-[39m[35m100[39m[33m:[39moklch([35m96.7[39m[33m%[39m [35m.001[39m [35m286.375[39m)[33m;[39m[33m--[39mcolor[33m-[39mzinc[33m-[39m[35m200[39m[33m:[39moklch([35m92[39m[33m%[39m [35m.004[39m [35m286.32[39m)[33m;[39m[33m--[39mcolor[33m-[39mzinc[33m-[39m[35m300[39m[33m:[39moklch([35m87.1[39m[33m%[39m [35m.006[39m [35m286.286[39m)[33m;[39m[33m--[39mcolor[33m-[39mzinc[33m-[39m[35m400[39m[33m:[39moklch([35m70.5[39m[33m%[39m [35m.015[39m [35m286.067[39m)[33m;[39m[33m--[39mcolor[33m-[39mzinc[33m-[39m[35m500[39m[33m:[39moklch([35m55.2[39m[33m%[39m [35m.016[39m [35m285.938[39m)[33m;[39m[33m--[39mcolor[33m-[39mzinc[33m-[39m[35m600[39m[33m:[39moklch([35m44.2[39m[33m%[39m [35m.017[39m [35m285.786[39m)[33m;[39m[33m--[39mcolor[33m-[39mzinc[33m-[39m[35m700[39m[33m:[39moklch([35m37[39m[33m%[39m [35m.013[39m [35m285.805[39m)[33m;[39m[33m--[39mcolor[33m-[39mzinc[33m-[39m[35m800[39m[33m:[39moklch([35m27.4[39m[33m%[39m [35m.006[39m [35m286.033[39m)[33m;[39m[33m--[39mcolor[33m-[39mzinc[33m-[39m[35m900[39m[33m:[39moklch([35m21[39m[33m%[39m [35m.006[39m [35m285.885[39m)[33m;[39m[33m--[39mcolor[33m-[39mwhite[33m:[39m[33m#[39mfff[33m;[39m[33m--[39mspacing[33m:[39m[35m.25[39mrem[33m;[39m[33m--[39mcontainer[33m-[39mmd[33m:[39m[35m28[39mrem[33m;[39m[33m--[39mtext[33m-[39mxs[33m:[39m[35m.75[39mrem[33m;[39m[33m--[39mtext[33m-[39mxs[33m--[39mline[33m-[39mheight[33m:[39mcalc([35m1[39m[33m/[39m[35m.75[39m)[33m;[39m[33m--[39mtext[33m-[39msm[33m:[39m[35m.875[39mrem[33m;[39m[33m--[39mtext[33m-[39msm[33m--[39mline[33m-[39mheight[33m:[39mcalc([35m1.25[39m[33m/[39m[35m.875[39m)[33m;[39m[33m--[39mtext[33m-[39mlg[33m:[39m[35m1.125[39mrem[33m;[39m[33m--[39mtext[33m-[39mlg[33m--[39mline[33m-[39mheight[33m:[39mcalc([35m1.75[39m[33m/[39m[35m1.125[39m)[33m;[39m[33m--[39mtext[33m-[39mxl[33m:[39m[35m1.25[39mrem[33m;[39m[33m--[39mtext[33m-[39mxl[33m--[39mline[33m-[39mheight[33m:[39mcalc([35m1.75[39m[33m/[39m[35m1.25[39m)[33m;[39m[33m--[39mtext[33m-[39m[35m2[39mxl[33m:[39m[35m1.5[39mrem[33m;[39m[33m--[39mtext[33m-[39m[35m2[39mxl[33m--[39mline[33m-[39mheight[33m:[39mcalc([35m2[39m[33m/[39m[35m1.5[39m)[33m;[39m[33m--[39mtext[33m-[39m[35m3[39mxl[33m:[39m[35m1.875[39mrem[33m;[39m[33m--[39mtext[33m-[39m[35m3[39mxl[33m--[39mline[33m-[39mheight[33m:[39mcalc([35m2.25[39m[33m/[39m[35m1.875[39m)[33m;[39m[33m--[39mtext[33m-[39m[35m4[39mxl[33m:[39m[35m2.25[39mrem[33m;[39m[33m--[39mtext[33m-[39m[35m4[39mxl[33m--[39mline[33m-[39mheight[33m:[39mcalc([35m2.5[39m[33m/[39m[35m2.25[39m)[33m;[39m[33m--[39mfont[33m-[39mweight[33m-[39mmedium[33m:[39m[35m500[39m[33m;[39m[33m--[39mfont[33m-[39mweight[33m-[39msemibold[33m:[39m[35m600[39m[33m;[39m[33m--[39mfont[33m-[39mweight[33m-[39mbold[33m:[39m[35m700[39m[33m;[39m[33m--[39mfont[33m-[39mweight[33m-[39mblack[33m:[39m[35m900[39m[33m;[39m[33m--[39mtracking[33m-[39mtighter[33m:[39m[33m-[39m[35m.05[39mem[33m;[39m[33m--[39mtracking[33m-[39mtight[33m:[39m[33m-[39m[35m.025[39mem[33m;[39m[33m--[39mtracking[33m-[39mwider[33m:[39m[35m.05[39mem[33m;[39m[33m--[39mtracking[33m-[39mwidest[33m:[39m[35m.1[39mem[33m;[39m[33m--[39mradius[33m-[39mmd[33m:[39m[35m.375[39mrem[33m;[39m[33m--[39mradius[33m-[39mlg[33m:[39m[35m.5[39mrem[33m;[39m[33m--[39manimate[33m-[39mspin[33m:[39mspin [35m1[39ms linear infinite[33m;[39m[33m--[39manimate[33m-[39mpulse[33m:[39mpulse [35m2[39ms cubic[33m-[39mbezier([35m.4[39m[33m,[39m[35m0[39m[33m,[39m[35m.6[39m[33m,[39m[35m1[39m)infinite[33m;[39m[33m--[39mblur[33m-[39mxl[33m:[39m[35m24[39mpx[33m;[39m[33m--[39mblur[33m-[39m[35m2[39mxl[33m:[39m[35m40[39mpx[33m;[39m[33m--[39mblur[33m-[39m[35m3[39mxl[33m:[39m[35m64[39mpx[33m;[39m[33m--[39m[36mdefault[39m[33m-[39mtransition[33m-[39mduration[33m:[39m[35m.15[39ms[33m;[39m[33m--[39m[36mdefault[39m[33m-[39mtransition[33m-[39mtiming[33m-[39m[36mfunction[39m[33m:[39mcubic[33m-[39mbezier([35m.4[39m[33m,[39m[35m0[39m[33m,[39m[35m.2[39m[33m,[39m[35m1[39m)[33m;[39m[33m--[39m[36mdefault[39m[33m-[39mfont[33m-[39mfamily[33m:[39m[36mvar[39m([33m--[39mfont[33m-[39mgeist[33m-[39msans)[33m;[39m[33m--[39m[36mdefault[39m[33m-[39mmono[33m-[39mfont[33m-[39mfamily[33m:[39m[36mvar[39m([33m--[39mfont[33m-[39mgeist[33m-[39mmono)}}[33m@[39mlayer base{[33m*[39m[33m,[39m[33m:[39mafter[33m,[39m[33m:[39mbefore[33m,[39m[33m:[39m[33m:[39mbackdrop{box[33m-[39msizing[33m:[39mborder[33m-[39mbox[33m;[39mborder[33m:[39m[35m0[39m solid[33m;[39mmargin[33m:[39m[35m0[39m[33m;[39mpadding[33m:[39m[35m0[39m}[33m:[39m[33m:[39mfile[33m-[39mselector[33m-[39mbutton{box[33m-[39msizing[33m:[39mborder[33m-[39mbox[33m;[39mborder[33m:[39m[35m0[39m solid[33m;[39mmargin[33m:[39m[35m0[39m[33m;[39mpadding[33m:[39m[35m0[39m}html[33m,[39m[33m:[39mhost{[33m-[39mwebkit[33m-[39mtext[33m-[39msize[33m-[39madjust[33m:[39m[35m100[39m[33m%[39m[33m;[39mtab[33m-[39msize[33m:[39m[35m4[39m[33m;[39mline[33m-[39mheight[33m:[39m[35m1.5[39m[33m;[39mfont[33m-[39mfamily[33m:[39m[36mvar[39m([33m--[39m[36mdefault[39m[33m-[39mfont[33m-[39mfamily[33m,[39mui[33m-[39msans[33m-[39mserif[33m,[39msystem[33m-[39mui[33m,[39msans[33m-[39mserif[33m,[39m[32m"Apple Color Emoji"[39m[33m,[39m[32m"Segoe UI Emoji"[39m[33m,[39m[32m"Segoe UI Symbol"[39m[33m,[39m[32m"Noto Color Emoji"[39m)[33m;[39mfont[33m-[39mfeature[33m-[39msettings[33m:[39m[36mvar[39m([33m--[39m[36mdefault[39m[33m-[39mfont[33m-[39mfeature[33m-[39msettings[33m,[39mnormal)[33m;[39mfont[33m-[39mvariation[33m-[39msettings[33m:[39m[36mvar[39m([33m--[39m[36mdefault[39m[33m-[39mfont[33m-[39mvariation[33m-[39msettings[33m,[39mnormal)[33m;[39m[33m-[39mwebkit[33m-[39mtap[33m-[39mhighlight[33m-[39mcolor[33m:[39mtransparent}hr{height[33m:[39m[35m0[39m[33m;[39mcolor[33m:[39minherit[33m;[39mborder[33m-[39mtop[33m-[39mwidth[33m:[39m[35m1[39mpx}abbr[33m:[39mwhere([title]){[33m-[39mwebkit[33m-[39mtext[33m-[39mdecoration[33m:[39munderline dotted[33m;[39mtext[33m-[39mdecoration[33m:[39munderline dotted}h1[33m,[39mh2[33m,[39mh3[33m,[39mh4[33m,[39mh5[33m,[39mh6{font[33m-[39msize[33m:[39minherit[33m;[39mfont[33m-[39mweight[33m:[39minherit}a{color[33m:[39minherit[33m;[39m[33m-[39mwebkit[33m-[39mtext[33m-[39mdecoration[33m:[39minherit[33m;[39m[33m-[39mwebkit[33m-[39mtext[33m-[39mdecoration[33m:[39minherit[33m;[39m[33m-[39mwebkit[33m-[39mtext[33m-[39mdecoration[33m:[39minherit[33m;[39mtext[33m-[39mdecoration[33m:[39minherit}b[33m,[39mstrong{font[33m-[39mweight[33m:[39mbolder}code[33m,[39mkbd[33m,[39msamp[33m,[39mpre{font[33m-[39mfamily[33m:[39m[36mvar[39m([33m--[39m[36mdefault[39m[33m-[39mmono[33m-[39mfont[33m-[39mfamily[33m,[39mui[33m-[39mmonospace[33m,[39m[33mSFMono[39m[33m-[39m[33mRegular[39m[33m,[39m[33mMenlo[39m[33m,[39m[33mMonaco[39m[33m,[39m[33mConsolas[39m[33m,[39m[32m"Liberation Mono"[39m[33m,[39m[32m"Courier New"[39m[33m,[39mmonospace)[33m;[39mfont[33m-[39mfeature[33m-[39msettings[33m:[39m[36mvar[39m([33m--[39m[36mdefault[39m[33m-[39mmono[33m-[39mfont[33m-[39mfeature[33m-[39msettings[33m,[39mnormal)[33m;[39mfont[33m-[39mvariation[33m-[39msettings[33m:[39m[36mvar[39m([33m--[39m[36mdefault[39m[33m-[39mmono[33m-[39mfont[33m-[39mvariation[33m-[39msettings[33m,[39mnormal)[33m;[39mfont[33m-[39msize[33m:[39m[35m1[39mem}small{font[33m-[39msize[33m:[39m[35m80[39m[33m%[39m}sub[33m,[39msup{vertical[33m-[39malign[33m:[39mbaseline[33m;[39mfont[33m-[39msize[33m:[39m[35m75[39m[33m%[39m[33m;[39mline[33m-[39mheight[33m:[39m[35m0[39m[33m;[39mposition[33m:[39mrelative}sub{bottom[33m:[39m[33m-[39m[35m.25[39mem}sup{top[33m:[39m[33m-[39m[35m.5[39mem}table{text[33m-[39mindent[33m:[39m[35m0[39m[33m;[39mborder[33m-[39mcolor[33m:[39minherit[33m;[39mborder[33m-[39mcollapse[33m:[39mcollapse}[33m:[39m[33m-[39mmoz[33m-[39mfocusring{outline[33m:[39mauto}progress{vertical[33m-[39malign[33m:[39mbaseline}summary{display[33m:[39mlist[33m-[39mitem}ol[33m,[39mul[33m,[39mmenu{list[33m-[39mstyle[33m:[39mnone}img[33m,[39msvg[33m,[39mvideo[33m,[39mcanvas[33m,[39maudio[33m,[39miframe[33m,[39membed[33m,[39mobject{vertical[33m-[39malign[33m:[39mmiddle[33m;[39mdisplay[33m:[39mblock}img[33m,[39mvideo{max[33m-[39mwidth[33m:[39m[35m100[39m[33m%[39m[33m;[39mheight[33m:[39mauto}button[33m,[39minput[33m,[39mselect[33m,[39moptgroup[33m,[39mtextarea{font[33m:[39minherit[33m;[39mfont[33m-[39mfeature[33m-[39msettings[33m:[39minherit[33m;[39mfont[33m-[39mvariation[33m-[39msettings[33m:[39minherit[33m;[39mletter[33m-[39mspacing[33m:[39minherit[33m;[39mcolor[33m:[39minherit[33m;[39mopacity[33m:[39m[35m1[39m[33m;[39mbackground[33m-[39mcolor[33m:[39m[33m#[39m[35m0000[39m[33m;[39mborder[33m-[39mradius[33m:[39m[35m0[39m}[33m:[39m[33m:[39mfile[33m-[39mselector[33m-[39mbutton{font[33m:[39minherit[33m;[39mfont[33m-[39mfeature[33m-[39msettings[33m:[39minherit[33m;[39mfont[33m-[39mvariation[33m-[39msettings[33m:[39minherit[33m;[39mletter[33m-[39mspacing[33m:[39minherit[33m;[39mcolor[33m:[39minherit[33m;[39mopacity[33m:[39m[35m1[39m[33m;[39mbackground[33m-[39mcolor[33m:[39m[33m#[39m[35m0000[39m[33m;[39mborder[33m-[39mradius[33m:[39m[35m0[39m}[33m:[39mwhere(select[33m:[39mis([multiple][33m,[39m[size])) optgroup{font[33m-[39mweight[33m:[39mbolder}[33m:[39mwhere(select[33m:[39mis([multiple][33m,[39m[size])) optgroup option{padding[33m-[39minline[33m-[39mstart[33m:[39m[35m20[39mpx}[33m:[39m[33m:[39mfile[33m-[39mselector[33m-[39mbutton{margin[33m-[39minline[33m-[39mend[33m:[39m[35m4[39mpx}[33m:[39m[33m:[39mplaceholder{opacity[33m:[39m[35m1[39m}[33m@[39msupports (not (([33m-[39mwebkit[33m-[39mappearance[33m:[39m[33m-[39mapple[33m-[39mpay[33m-[39mbutton))) or (contain[33m-[39mintrinsic[33m-[39msize[33m:[39m[35m1[39mpx){[33m:[39m[33m:[39mplaceholder{color[33m:[39mcurrentColor}[33m@[39msupports (color[33m:[39mcolor[33m-[39mmix([36min[39m lab[33m,[39m red[33m,[39m red)){[33m:[39m[33m:[39mplaceholder{color[33m:[39mcolor[33m-[39mmix([36min[39m oklab[33m,[39mcurrentcolor [35m50[39m[33m%[39m[33m,[39mtransparent)}}}textarea{resize[33m:[39mvertical}[33m:[39m[33m:[39m[33m-[39mwebkit[33m-[39msearch[33m-[39mdecoration{[33m-[39mwebkit[33m-[39mappearance[33m:[39mnone}[33m:[39m[33m:[39m[33m-[39mwebkit[33m-[39mdate[33m-[39mand[33m-[39mtime[33m-[39mvalue{min[33m-[39mheight[33m:[39m[35m1[39mlh[33m;[39mtext[33m-[39malign[33m:[39minherit}[33m:[39m[33m:[39m[33m-[39mwebkit[33m-[39mdatetime[33m-[39medit{display[33m:[39minline[33m-[39mflex}[33m:[39m[33m:[39m[33m-[39mwebkit[33m-[39mdatetime[33m-[39medit[33m-[39mfields[33m-[39mwrapper{padding[33m:[39m[35m0[39m}[33m:[39m[33m:[39m[33m-[39mwebkit[33m-[39mdatetime[33m-[39medit{padding[33m-[39mblock[33m:[39m[35m0[39m}[33m:[39m[33m:[39m[33m-[39mwebkit[33m-[39mdatetime[33m-[39medit[33m-[39myear[33m-[39mfield{padding[33m-[39mblock[33m:[39m[35m0[39m}[33m:[39m[33m:[39m[33m-[39mwebkit[33m-[39mdatetime[33m-[39medit[33m-[39mmonth[33m-[39mfield{padding[33m-[39mblock[33m:[39m[35m0[39m}[33m:[39m[33m:[39m[33m-[39mwebkit[33m-[39mdatetime[33m-[39medit[33m-[39mday[33m-[39mfield{padding[33m-[39mblock[33m:[39m[35m0[39m}[33m:[39m[33m:[39m[33m-[39mwebkit[33m-[39mdatetime[33m-[39medit[33m-[39mhour[33m-[39mfield{padding[33m-[39mblock[33m:[39m[35m0[39m}[33m:[39m[33m:[39m[33m-[39mwebkit[33m-[39mdatetime[33m-[39medit[33m-[39mminute[33m-[39mfield{padding[33m-[39mblock[33m:[39m[35m0[39m}[33m:[39m[33m:[39m[33m-[39mwebkit[33m-[39mdatetime[33m-[39medit[33m-[39msecond[33m-[39mfield{padding[33m-[39mblock[33m:[39m[35m0[39m}[33m:[39m[33m:[39m[33m-[39mwebkit[33m-[39mdatetime[33m-[39medit[33m-[39mmillisecond[33m-[39mfield{padding[33m-[39mblock[33m:[39m[35m0[39m}[33m:[39m[33m:[39m[33m-[39mwebkit[33m-[39mdatetime[33m-[39medit[33m-[39mmeridiem[33m-[39mfield{padding[33m-[39mblock[33m:[39m[35m0[39m}[33m:[39m[33m:[39m[33m-[39mwebkit[33m-[39mcalendar[33m-[39mpicker[33m-[39mindicator{line[33m-[39mheight[33m:[39m[35m1[39m}[33m:[39m[33m-[39mmoz[33m-[39mui[33m-[39minvalid{box[33m-[39mshadow[33m:[39mnone}button[33m,[39minput[33m:[39mwhere([type[33m=[39mbutton][33m,[39m[type[33m=[39mreset][33m,[39m[type[33m=[39msubmit]){appearance[33m:[39mbutton}[33m:[39m[33m:[39mfile[33m-[39mselector[33m-[39mbutton{appearance[33m:[39mbutton}[33m:[39m[33m:[39m[33m-[39mwebkit[33m-[39minner[33m-[39mspin[33m-[39mbutton{height[33m:[39mauto}[33m:[39m[33m:[39m[33m-[39mwebkit[33m-[39mouter[33m-[39mspin[33m-[39mbutton{height[33m:[39mauto}[hidden][33m:[39mwhere([33m:[39mnot([hidden[33m=[39muntil[33m-[39mfound])){display[33m:[39mnone[33m![39mimportant}}[33m@[39mlayer components[33m;[39m[33m@[39mlayer utilities{[33m.[39mpointer[33m-[39mevents[33m-[39mnone{pointer[33m-[39mevents[33m:[39mnone}[33m.[39mabsolute{position[33m:[39mabsolute}[33m.[39mrelative{position[33m:[39mrelative}[33m.[39msticky{position[33m:[39msticky}[33m.[39minset[33m-[39m[35m0[39m{inset[33m:[39mcalc([36mvar[39m([33m--[39mspacing)[33m*[39m[35m0[39m)}[33m.[39m[33m-[39mtop[33m-[39m[35m4[39m{top[33m:[39mcalc([36mvar[39m([33m--[39mspacing)[33m*[39m[33m-[39m[35m4[39m)}[33m.[39mtop[33m-[39m[35m0[39m{top[33m:[39mcalc([36mvar[39m([33m--[39mspacing)[33m*[39m[35m0[39m)}[33m.[39mtop[33m-[39m[35m1[39m[37m[41m[1m\[22m[49m[39m[33m/[39m[35m2[39m{top[33m:[39m[35m50[39m[33m%[39m}[33m.[39mtop[33m-[39m[35m2[39m[37m[41m[1m\[22m[49m[39m[35m.5[39m{top[33m:[39mcalc([36mvar[39m([33m--[39mspacing)[33m*[39m[35m2.5[39m)}[33m.[39m[33m-[39mright[33m-[39m[35m2[39m{right[33m:[39mcalc([36mvar[39m([33m--[39mspacing)[33m*[39m[33m-[39m[35m2[39m)}[33m.[39m[33m-[39mright[33m-[39m[35m4[39m{right[33m:[39mcalc([36mvar[39m([33m--[39mspacing)[33m*[39m[33m-[39m[35m4[39m)}[33m.[39m[33m-[39mright[33m-[39m[35m6[39m{right[33m:[39mcalc([36mvar[39m([33m--[39mspacing)[33m*[39m[33m-[39m[35m6[39m)}[33m.[39mright[33m-[39m[35m2[39m[37m[41m[1m\[22m[49m[39m[35m.5[39m{right[33m:[39mcalc([36mvar[39m([33m--[39mspacing)[33m*[39m[35m2.5[39m)}[33m.[39m[33m-[39mbottom[33m-[39m[35m2[39m{bottom[33m:[39mcalc([36mvar[39m([33m--[39mspacing)[33m*[39m[33m-[39m[35m2[39m)}[33m.[39m[33m-[39mbottom[33m-[39m[35m6[39m{bottom[33m:[39mcalc([36mvar[39m([33m--[39mspacing)[33m*[39m[33m-[39m[35m6[39m)}[33m.[39mleft[33m-[39m[35m3[39m{left[33m:[39mcalc([36mvar[39m([33m--[39mspacing)[33m*[39m[35m3[39m)}[33m.[39mz[33m-[39m[35m10[39m{z[33m-[39mindex[33m:[39m[35m10[39m}[33m.[39mz[33m-[39m[35m30[39m{z[33m-[39mindex[33m:[39m[35m30[39m}[33m.[39mcontainer{width[33m:[39m[35m100[39m[33m%[39m}[33m@[39mmedia (min[33m-[39mwidth[33m:[39m[35m40[39mrem){[33m.[39mcontainer{max[33m-[39mwidth[33m:[39m[35m40[39mrem}}[33m@[39mmedia (min[33m-[39mwidth[33m:[39m[35m48[39mrem){[33m.[39mcontainer{max[33m-[39mwidth[33m:[39m[35m48[39mrem}}[33m@[39mmedia (min[33m-[39mwidth[33m:[39m[35m64[39mrem){[33m.[39mcontainer{max[33m-[39mwidth[33m:[39m[35m64[39mrem}}[33m@[39mmedia (min[33m-[39mwidth[33m:[39m[35m80[39mrem){[33m.[39mcontainer{max[33m-[39mwidth[33m:[39m[35m80[39mrem}}[33m@[39mmedia (min[33m-[39mwidth[33m:[39m[35m96[39mrem){[33m.[39mcontainer{max[33m-[39mwidth[33m:[39m[35m96[39mrem}}[33m.[39mmx[33m-[39m[35m1[39m{margin[33m-[39minline[33m:[39mcalc([36mvar[39m([33m--[39mspacing)[33m*[39m[35m1[39m)}[33m.[39mmx[33m-[39mauto{margin[33m-[39minline[33m:[39mauto}[33m.[39mmt[33m-[39m[35m1[39m{margin[33m-[39mtop[33m:[39mcalc([36mvar[39m([33m--[39mspacing)[33m*[39m[35m1[39m)}[33m.[39mmt[33m-[39m[35m2[39m{margin[33m-[39mtop[33m:[39mcalc([36mvar[39m([33m--[39mspacing)[33m*[39m[35m2[39m)}[33m.[39mmt[33m-[39m[35m4[39m{margin[33m-[39mtop[33m:[39mcalc([36mvar[39m([33m--[39mspacing)[33m*[39m[35m4[39m)}[33m.[39mmt[33m-[39m[35m6[39m{margin[33m-[39mtop[33m:[39mcalc([36mvar[39m([33m--[39mspacing)[33m*[39m[35m6[39m)}[33m.[39mmt[33m-[39mauto{margin[33m-[39mtop[33m:[39mauto}[33m.[39mmb[33m-[39m[35m8[39m{margin[33m-[39mbottom[33m:[39mcalc([36mvar[39m([33m--[39mspacing)[33m*[39m[35m8[39m)}[33m.[39mmb[33m-[39m[35m10[39m{margin[33m-[39mbottom[33m:[39mcalc([36mvar[39m([33m--[39mspacing)[33m*[39m[35m10[39m)}[33m.[39mml[33m-[39mauto{margin[33m-[39mleft[33m:[39mauto}[33m.[39mflex{display[33m:[39mflex}[33m.[39mgrid{display[33m:[39mgrid}[33m.[39mhidden{display[33m:[39mnone}[33m.[39minline[33m-[39mflex{display[33m:[39minline[33m-[39mflex}[33m.[39mh[33m-[39m[35m1[39m[37m[41m[1m\[22m[49m[39m[35m.5[39m{height[33m:[39mcalc([36mvar[39m([33m--[39mspacing)[33m*[39m[35m1.5[39m)}[33m.[39mh[33m-[39m[35m2[39m{height[33m:[39mcalc([36mvar[39m([33m--[39mspacing)[33m*[39m[35m2[39m)}[33m.[39mh[33m-[39m[35m3[39m{height[33m:[39mcalc([36mvar[39m([33m--[39mspacing)[33m*[39m[35m3[39m)}[33m.[39mh[33m-[39m[35m3[39m[37m[41m[1m\[22m[49m[39m[35m.5[39m{height[33m:[39mcalc([36mvar[39m([33m--[39mspacing)[33m*[39m[35m3.5[39m)}[33m.[39mh[33m-[39m[35m4[39m{height[33m:[39mcalc([36mvar[39m([33m--[39mspacing)[33m*[39m[35m4[39m)}[33m.[39mh[33m-[39m[35m5[39m{height[33m:[39mcalc([36mvar[39m([33m--[39mspacing)[33m*[39m[35m5[39m)}[33m.[39mh[33m-[39m[35m6[39m{height[33m:[39mcalc([36mvar[39m([33m--[39mspacing)[33m*[39m[35m6[39m)}[33m.[39mh[33m-[39m[35m8[39m{height[33m:[39mcalc([36mvar[39m([33m--[39mspacing)[33m*[39m[35m8[39m)}[33m.[39mh[33m-[39m[35m9[39m{height[33m:[39mcalc([36mvar[39m([33m--[39mspacing)[33m*[39m[35m9[39m)}[33m.[39mh[33m-[39m[35m10[39m{height[33m:[39mcalc([36mvar[39m([33m--[39mspacing)[33m*[39m[35m10[39m)}[33m.[39mh[33m-[39m[35m12[39m{height[33m:[39mcalc([36mvar[39m([33m--[39mspacing)[33m*[39m[35m12[39m)}[33m.[39mh[33m-[39m[35m20[39m{height[33m:[39mcalc([36mvar[39m([33m--[39mspacing)[33m*[39m[35m20[39m)}[33m.[39mh[33m-[39m[35m24[39m{height[33m:[39mcalc([36mvar[39m([33m--[39mspacing)[33m*[39m[35m24[39m)}[33m.[39mh[33m-[39m[35m64[39m{height[33m:[39mcalc([36mvar[39m([33m--[39mspacing)[33m*[39m[35m64[39m)}[33m.[39mh[33m-[39m[37m[41m[1m\[22m[49m[39m[[35m1[39m[37m[41m[1m\[22m[49m[39m[35m.2[39mrem[37m[41m[1m\[22m[49m[39m]{height[33m:[39m[35m1.2[39mrem}[33m.[39mh[33m-[39m[37m[41m[1m\[22m[49m[39m[[35m300[39mpx[37m[41m[1m\[22m[49m[39m]{height[33m:[39m[35m300[39mpx}[33m.[39mh[33m-[39mfull{height[33m:[39m[35m100[39m[33m%[39m}[33m.[39mmin[33m-[39mh[33m-[39mscreen{min[33m-[39mheight[33m:[39m[35m100[39mvh}[33m.[39mw[33m-[39m[35m2[39m{width[33m:[39mcalc([36mvar[39m([33m--[39mspacing)[33m*[39m[35m2[39m)}[33m.[39mw[33m-[39m[35m3[39m{width[33m:[39mcalc([36mvar[39m([33m--[39mspacing)[33m*[39m[35m3[39m)}[33m.[39mw[33m-[39m[35m3[39m[37m[41m[1m\[22m[49m[39m[35m.5[39m{width[33m:[39mcalc([36mvar[39m([33m--[39mspacing)[33m*[39m[35m3.5[39m)}[33m.[39mw[33m-[39m[35m4[39m{width[33m:[39mcalc([36mvar[39m([33m--[39mspacing)[33m*[39m[35m4[39m)}[33m.[39mw[33m-[39m[35m5[39m{width[33m:[39mcalc([36mvar[39m([33m--[39mspacing)[33m*[39m[35m5[39m)}[33m.[39mw[33m-[39m[35m6[39m{width[33m:[39mcalc([36mvar[39m([33m--[39mspacing)[33m*[39m[35m6[39m)}[33m.[39mw[33m-[39m[35m8[39m{width[33m:[39mcalc([36mvar[39m([33m--[39mspacing)[33m*[39m[35m8[39m)}[33m.[39mw[33m-[39m[35m9[39m{width[33m:[39mcalc([36mvar[39m([33m--[39mspacing)[33m*[39m[35m9[39m)}[33m.[39mw[33m-[39m[35m10[39m{width[33m:[39mcalc([36mvar[39m([33m--[39mspacing)[33m*[39m[35m10[39m)}[33m.[39mw[33m-[39m[35m12[39m{width[33m:[39mcalc([36mvar[39m([33m--[39mspacing)[33m*[39m[35m12[39m)}[33m.[39mw[33m-[39m[35m24[39m{width[33m:[39mcalc([36mvar[39m([33m--[39mspacing)[33m*[39m[35m24[39m)}[33m.[39mw[33m-[39m[35m64[39m{width[33m:[39mcalc([36mvar[39m([33m--[39mspacing)[33m*[39m[35m64[39m)}[33m.[39mw[33m-[39m[37m[41m[1m\[22m[49m[39m[[35m1[39m[37m[41m[1m\[22m[49m[39m[35m.2[39mrem[37m[41m[1m\[22m[49m[39m]{width[33m:[39m[35m1.2[39mrem}[33m.[39mw[33m-[39mfull{width[33m:[39m[35m100[39m[33m%[39m}[33m.[39mw[33m-[39mpx{width[33m:[39m[35m1[39mpx}[33m.[39mmax[33m-[39mw[33m-[39m[37m[41m[1m\[22m[49m[39m[[35m1600[39mpx[37m[41m[1m\[22m[49m[39m]{max[33m-[39mwidth[33m:[39m[35m1600[39mpx}[33m.[39mmax[33m-[39mw[33m-[39mmd{max[33m-[39mwidth[33m:[39m[36mvar[39m([33m--[39mcontainer[33m-[39mmd)}[33m.[39mmin[33m-[39mw[33m-[39m[35m0[39m{min[33m-[39mwidth[33m:[39mcalc([36mvar[39m([33m--[39mspacing)[33m*[39m[35m0[39m)}[33m.[39mmin[33m-[39mw[33m-[39m[37m[41m[1m\[22m[49m[39m[[35m160[39mpx[37m[41m[1m\[22m[49m[39m]{min[33m-[39mwidth[33m:[39m[35m160[39mpx}[33m.[39mmin[33m-[39mw[33m-[39m[37m[41m[1m\[22m[49m[39m[[35m700[39mpx[37m[41m[1m\[22m[49m[39m]{min[33m-[39mwidth[33m:[39m[35m700[39mpx}[33m.[39mflex[33m-[39m[35m1[39m{flex[33m:[39m[35m1[39m}[33m.[39mshrink[33m-[39m[35m0[39m{flex[33m-[39mshrink[33m:[39m[35m0[39m}[33m.[39m[33m-[39mtranslate[33m-[39my[33m-[39m[35m1[39m[37m[41m[1m\[22m[49m[39m[33m/[39m[35m2[39m{[33m--[39mtw[33m-[39mtranslate[33m-[39my[33m:[39mcalc(calc([35m1[39m[33m/[39m[35m2[39m[33m*[39m[35m100[39m[33m%[39m)[33m*[39m[33m-[39m[35m1[39m)[33m;[39mtranslate[33m:[39m[36mvar[39m([33m--[39mtw[33m-[39mtranslate[33m-[39mx)[36mvar[39m([33m--[39mtw[33m-[39mtranslate[33m-[39my)}[33m.[39manimate[33m-[39mpulse{animation[33m:[39m[36mvar[39m([33m--[39manimate[33m-[39mpulse)}[33m.[39manimate[33m-[39mspin{animation[33m:[39m[36mvar[39m([33m--[39manimate[33m-[39mspin)}[33m.[39mappearance[33m-[39mnone{appearance[33m:[39mnone}[33m.[39mgrid[33m-[39mcols[33m-[39m[35m1[39m{grid[33m-[39mtemplate[33m-[39mcolumns[33m:[39mrepeat([35m1[39m[33m,[39mminmax([35m0[39m[33m,[39m[35m1[39mfr))}[33m.[39mgrid[33m-[39mcols[33m-[39m[35m2[39m{grid[33m-[39mtemplate[33m-[39mcolumns[33m:[39mrepeat([35m2[39m[33m,[39mminmax([35m0[39m[33m,[39m[35m1[39mfr))}[33m.[39mflex[33m-[39mcol{flex[33m-[39mdirection[33m:[39mcolumn}[33m.[39mitems[33m-[39mcenter{align[33m-[39mitems[33m:[39mcenter}[33m.[39mitems[33m-[39mend{align[33m-[39mitems[33m:[39mflex[33m-[39mend}[33m.[39mitems[33m-[39mstart{align[33m-[39mitems[33m:[39mflex[33m-[39mstart}[33m.[39mjustify[33m-[39mbetween{justify[33m-[39mcontent[33m:[39mspace[33m-[39mbetween}[33m.[39mjustify[33m-[39mcenter{justify[33m-[39mcontent[33m:[39mcenter}[33m.[39mgap[33m-[39m[35m0[39m{gap[33m:[39mcalc([36mvar[39m([33m--[39mspacing)[33m*[39m[35m0[39m)}[33m.[39mgap[33m-[39m[35m0[39m[37m[41m[1m\[22m[49m[39m[35m.5[39m{gap[33m:[39mcalc([36mvar[39m([33m--[39mspacing)[33m*[39m[35m.5[39m)}[33m.[39mgap[33m-[39m[35m1[39m{gap[33m:[39mcalc([36mvar[39m([33m--[39mspacing)[33m*[39m[35m1[39m)}[33m.[39mgap[33m-[39m[35m1[39m[37m[41m[1m\[22m[49m[39m[35m.5[39m{gap[33m:[39mcalc([36mvar[39m([33m--[39mspacing)[33m*[39m[35m1.5[39m)}[33m.[39mgap[33m-[39m[35m2[39m{gap[33m:[39mcalc([36mvar[39m([33m--[39mspacing)[33m*[39m[35m2[39m)}[33m.[39mgap[33m-[39m[35m3[39m{gap[33m:[39mcalc([36mvar[39m([33m--[39mspacing)[33m*[39m[35m3[39m)}[33m.[39mgap[33m-[39m[35m4[39m{gap[33m:[39mcalc([36mvar[39m([33m--[39mspacing)[33m*[39m[35m4[39m)}[33m.[39mgap[33m-[39m[35m6[39m{gap[33m:[39mcalc([36mvar[39m([33m--[39mspacing)[33m*[39m[35m6[39m)}[33m.[39mgap[33m-[39m[35m8[39m{gap[33m:[39mcalc([36mvar[39m([33m--[39mspacing)[33m*[39m[35m8[39m)}[33m.[39mgap[33m-[39m[35m10[39m{gap[33m:[39mcalc([36mvar[39m([33m--[39mspacing)[33m*[39m[35m10[39m)}[33m:[39mwhere([33m.[39m[33m-[39mspace[33m-[39mx[33m-[39m[35m2[39m[33m>[39m[33m:[39mnot([33m:[39mlast[33m-[39mchild)){[33m--[39mtw[33m-[39mspace[33m-[39mx[33m-[39mreverse[33m:[39m[35m0[39m[33m;[39mmargin[33m-[39minline[33m-[39mstart[33m:[39mcalc(calc([36mvar[39m([33m--[39mspacing)[33m*[39m[33m-[39m[35m2[39m)[33m*[39m[36mvar[39m([33m--[39mtw[33m-[39mspace[33m-[39mx[33m-[39mreverse))[33m;[39mmargin[33m-[39minline[33m-[39mend[33m:[39mcalc(calc([36mvar[39m([33m--[39mspacing)[33m*[39m[33m-[39m[35m2[39m)[33m*[39mcalc([35m1[39m [33m-[39m [36mvar[39m([33m--[39mtw[33m-[39mspace[33m-[39mx[33m-[39mreverse)))}[33m:[39mwhere([33m.[39mdivide[33m-[39my[33m>[39m[33m:[39mnot([33m:[39mlast[33m-[39mchild)){[33m--[39mtw[33m-[39mdivide[33m-[39my[33m-[39mreverse[33m:[39m[35m0[39m[33m;[39mborder[33m-[39mbottom[33m-[39mstyle[33m:[39m[36mvar[39m([33m--[39mtw[33m-[39mborder[33m-[39mstyle)[33m;[39mborder[33m-[39mtop[33m-[39mstyle[33m:[39m[36mvar[39m([33m--[39mtw[33m-[39mborder[33m-[39mstyle)[33m;[39mborder[33m-[39mtop[33m-[39mwidth[33m:[39mcalc([35m1[39mpx[33m*[39m[36mvar[39m([33m--[39mtw[33m-[39mdivide[33m-[39my[33m-[39mreverse))[33m;[39mborder[33m-[39mbottom[33m-[39mwidth[33m:[39mcalc([35m1[39mpx[33m*[39mcalc([35m1[39m [33m-[39m [36mvar[39m([33m--[39mtw[33m-[39mdivide[33m-[39my[33m-[39mreverse)))}[33m.[39mtruncate{text[33m-[39moverflow[33m:[39mellipsis[33m;[39mwhite[33m-[39mspace[33m:[39mnowrap[33m;[39moverflow[33m:[39mhidden}[33m.[39moverflow[33m-[39mhidden{overflow[33m:[39mhidden}[33m.[39moverflow[33m-[39mx[33m-[39mauto{overflow[33m-[39mx[33m:[39mauto}[33m.[39mrounded[33m-[39m[35m2[39mxl{border[33m-[39mradius[33m:[39m[35m1.5[39mrem}[33m.[39mrounded[33m-[39m[35m3[39mxl{border[33m-[39mradius[33m:[39m[35m2[39mrem}[33m.[39mrounded[33m-[39mfull{border[33m-[39mradius[33m:[39m[35m3.40282e38[39mpx}[33m.[39mrounded[33m-[39mlg{border[33m-[39mradius[33m:[39m[36mvar[39m([33m--[39mradius[33m-[39mlg)}[33m.[39mrounded[33m-[39mmd{border[33m-[39mradius[33m:[39m[36mvar[39m([33m--[39mradius[33m-[39mmd)}[33m.[39mrounded[33m-[39mxl{border[33m-[39mradius[33m:[39m[35m1[39mrem}[33m.[39mborder{border[33m-[39mstyle[33m:[39m[36mvar[39m([33m--[39mtw[33m-[39mborder[33m-[39mstyle)[33m;[39mborder[33m-[39mwidth[33m:[39m[35m1[39mpx}[33m.[39mborder[33m-[39m[35m2[39m{border[33m-[39mstyle[33m:[39m[36mvar[39m([33m--[39mtw[33m-[39mborder[33m-[39mstyle)[33m;[39mborder[33m-[39mwidth[33m:[39m[35m2[39mpx}[33m.[39mborder[33m-[39mt{border[33m-[39mtop[33m-[39mstyle[33m:[39m[36mvar[39m([33m--[39mtw[33m-[39mborder[33m-[39mstyle)[33m;[39mborder[33m-[39mtop[33m-[39mwidth[33m:[39m[35m1[39mpx}[33m.[39mborder[33m-[39mr{border[33m-[39mright[33m-[39mstyle[33m:[39m[36mvar[39m([33m--[39mtw[33m-[39mborder[33m-[39mstyle)[33m;[39mborder[33m-[39mright[33m-[39mwidth[33m:[39m[35m1[39mpx}[33m.[39mborder[33m-[39mb{border[33m-[39mbottom[33m-[39mstyle[33m:[39m[36mvar[39m([33m--[39mtw[33m-[39mborder[33m-[39mstyle)[33m;[39mborder[33m-[39mbottom[33m-[39mwidth[33m:[39m[35m1[39mpx}[33m.[39mborder[33m-[39mzinc[33m-[39m[35m200[39m{border[33m-[39mcolor[33m:[39m[36mvar[39m([33m--[39mcolor[33m-[39mzinc[33m-[39m[35m200[39m)}[33m.[39mborder[33m-[39mzinc[33m-[39m[35m900[39m{border[33m-[39mcolor[33m:[39m[36mvar[39m([33m--[39mcolor[33m-[39mzinc[33m-[39m[35m900[39m)}[33m.[39mbg[33m-[39mamber[33m-[39m[35m100[39m{background[33m-[39mcolor[33m:[39m[36mvar[39m([33m--[39mcolor[33m-[39mamber[33m-[39m[35m100[39m)}[33m.[39mbg[33m-[39mamber[33m-[39m[35m400[39m{background[33m-[39mcolor[33m:[39m[36mvar[39m([33m--[39mcolor[33m-[39mamber[33m-[39m[35m400[39m)}[33m.[39mbg[33m-[39mamber[33m-[39m[35m500[39m{background[33m-[39mcolor[33m:[39m[36mvar[39m([33m--[39mcolor[33m-[39mamber[33m-[39m[35m500[39m)}[33m.[39mbg[33m-[39mbackground[33m,[39m[33m.[39mbg[33m-[39mbackground[37m[41m[1m\[22m[49m[39m[33m/[39m[35m80[39m{background[33m-[39mcolor[33m:[39m[36mvar[39m([33m--[39mbackground)}[33m@[39msupports (color[33m:[39mcolor[33m-[39mmix([36min[39m lab[33m,[39m red[33m,[39m red)){[33m.[39mbg[33m-[39mbackground[37m[41m[1m\[22m[49m[39m[33m/[39m[35m80[39m{background[33m-[39mcolor[33m:[39mcolor[33m-[39mmix([36min[39m oklab[33m,[39m[36mvar[39m([33m--[39mbackground)[35m80[39m[33m%[39m[33m,[39mtransparent)}}[33m.[39mbg[33m-[39memerald[33m-[39m[35m100[39m{background[33m-[39mcolor[33m:[39m[36mvar[39m([33m--[39mcolor[33m-[39memerald[33m-[39m[35m100[39m)}[33m.[39mbg[33m-[39memerald[33m-[39m[35m500[39m{background[33m-[39mcolor[33m:[39m[36mvar[39m([33m--[39mcolor[33m-[39memerald[33m-[39m[35m500[39m)}[33m.[39mbg[33m-[39mindigo[33m-[39m[35m100[39m{background[33m-[39mcolor[33m:[39m[36mvar[39m([33m--[39mcolor[33m-[39mindigo[33m-[39m[35m100[39m)}[33m.[39mbg[33m-[39mindigo[33m-[39m[35m500[39m{background[33m-[39mcolor[33m:[39m[36mvar[39m([33m--[39mcolor[33m-[39mindigo[33m-[39m[35m500[39m)}[33m.[39mbg[33m-[39mindigo[33m-[39m[35m500[39m[37m[41m[1m\[22m[49m[39m[33m/[39m[35m5[39m{background[33m-[39mcolor[33m:[39m[33m#[39m[35m625[39mfff0d}[33m@[39msupports (color[33m:[39mcolor[33m-[39mmix([36min[39m lab[33m,[39m red[33m,[39m red)){[33m.[39mbg[33m-[39mindigo[33m-[39m[35m500[39m[37m[41m[1m\[22m[49m[39m[33m/[39m[35m5[39m{background[33m-[39mcolor[33m:[39mcolor[33m-[39mmix([36min[39m oklab[33m,[39m[36mvar[39m([33m--[39mcolor[33m-[39mindigo[33m-[39m[35m500[39m)[35m5[39m[33m%[39m[33m,[39mtransparent)}}[33m.[39mbg[33m-[39mindigo[33m-[39m[35m600[39m{background[33m-[39mcolor[33m:[39m[36mvar[39m([33m--[39mcolor[33m-[39mindigo[33m-[39m[35m600[39m)}[33m.[39mbg[33m-[39mrose[33m-[39m[35m100[39m{background[33m-[39mcolor[33m:[39m[36mvar[39m([33m--[39mcolor[33m-[39mrose[33m-[39m[35m100[39m)}[33m.[39mbg[33m-[39mrose[33m-[39m[35m500[39m{background[33m-[39mcolor[33m:[39m[36mvar[39m([33m--[39mcolor[33m-[39mrose[33m-[39m[35m500[39m)}[33m.[39mbg[33m-[39mwhite{background[33m-[39mcolor[33m:[39m[36mvar[39m([33m--[39mcolor[33m-[39mwhite)}[33m.[39mbg[33m-[39mwhite[37m[41m[1m\[22m[49m[39m[33m/[39m[35m10[39m{background[33m-[39mcolor[33m:[39m[33m#[39mffffff1a}[33m@[39msupports (color[33m:[39mcolor[33m-[39mmix([36min[39m lab[33m,[39m red[33m,[39m red)){[33m.[39mbg[33m-[39mwhite[37m[41m[1m\[22m[49m[39m[33m/[39m[35m10[39m{background[33m-[39mcolor[33m:[39mcolor[33m-[39mmix([36min[39m oklab[33m,[39m[36mvar[39m([33m--[39mcolor[33m-[39mwhite)[35m10[39m[33m%[39m[33m,[39mtransparent)}}[33m.[39mbg[33m-[39mzinc[33m-[39m[35m100[39m{background[33m-[39mcolor[33m:[39m[36mvar[39m([33m--[39mcolor[33m-[39mzinc[33m-[39m[35m100[39m)}[33m.[39mbg[33m-[39mzinc[33m-[39m[35m700[39m{background[33m-[39mcolor[33m:[39m[36mvar[39m([33m--[39mcolor[33m-[39mzinc[33m-[39m[35m700[39m)}[33m.[39mbg[33m-[39mlinear[33m-[39mto[33m-[39mbr{[33m--[39mtw[33m-[39mgradient[33m-[39mposition[33m:[39mto bottom right}[33m@[39msupports (background[33m-[39mimage[33m:[39mlinear[33m-[39mgradient([36min[39m lab[33m,[39m red[33m,[39m red)){[33m.[39mbg[33m-[39mlinear[33m-[39mto[33m-[39mbr{[33m--[39mtw[33m-[39mgradient[33m-[39mposition[33m:[39mto bottom right [36min[39m oklab}}[33m.[39mbg[33m-[39mlinear[33m-[39mto[33m-[39mbr{background[33m-[39mimage[33m:[39mlinear[33m-[39mgradient([36mvar[39m([33m--[39mtw[33m-[39mgradient[33m-[39mstops))}[33m.[39m[36mfrom[39m[33m-[39mindigo[33m-[39m[35m500[39m{[33m--[39mtw[33m-[39mgradient[33m-[39m[36mfrom[39m[33m:[39m[36mvar[39m([33m--[39mcolor[33m-[39mindigo[33m-[39m[35m500[39m)[33m;[39m[33m--[39mtw[33m-[39mgradient[33m-[39mstops[33m:[39m[36mvar[39m([33m--[39mtw[33m-[39mgradient[33m-[39mvia[33m-[39mstops[33m,[39m[36mvar[39m([33m--[39mtw[33m-[39mgradient[33m-[39mposition)[33m,[39m[36mvar[39m([33m--[39mtw[33m-[39mgradient[33m-[39m[36mfrom[39m)[36mvar[39m([33m--[39mtw[33m-[39mgradient[33m-[39m[36mfrom[39m[33m-[39mposition)[33m,[39m[36mvar[39m([33m--[39mtw[33m-[39mgradient[33m-[39mto)[36mvar[39m([33m--[39mtw[33m-[39mgradient[33m-[39mto[33m-[39mposition))}[33m.[39m[36mfrom[39m[33m-[39mzinc[33m-[39m[35m900[39m{[33m--[39mtw[33m-[39mgradient[33m-[39m[36mfrom[39m[33m:[39m[36mvar[39m([33m--[39mcolor[33m-[39mzinc[33m-[39m[35m900[39m)[33m;[39m[33m--[39mtw[33m-[39mgradient[33m-[39mstops[33m:[39m[36mvar[39m([33m--[39mtw[33m-[39mgradient[33m-[39mvia[33m-[39mstops[33m,[39m[36mvar[39m([33m--[39mtw[33m-[39mgradient[33m-[39mposition)[33m,[39m[36mvar[39m([33m--[39mtw[33m-[39mgradient[33m-[39m[36mfrom[39m)[36mvar[39m([33m--[39mtw[33m-[39mgradient[33m-[39m[36mfrom[39m[33m-[39mposition)[33m,[39m[36mvar[39m([33m--[39mtw[33m-[39mgradient[33m-[39mto)[36mvar[39m([33m--[39mtw[33m-[39mgradient[33m-[39mto[33m-[39mposition))}[33m.[39mto[33m-[39mpurple[33m-[39m[35m600[39m{[33m--[39mtw[33m-[39mgradient[33m-[39mto[33m:[39m[36mvar[39m([33m--[39mcolor[33m-[39mpurple[33m-[39m[35m600[39m)[33m;[39m[33m--[39mtw[33m-[39mgradient[33m-[39mstops[33m:[39m[36mvar[39m([33m--[39mtw[33m-[39mgradient[33m-[39mvia[33m-[39mstops[33m,[39m[36mvar[39m([33m--[39mtw[33m-[39mgradient[33m-[39mposition)[33m,[39m[36mvar[39m([33m--[39mtw[33m-[39mgradient[33m-[39m[36mfrom[39m)[36mvar[39m([33m--[39mtw[33m-[39mgradient[33m-[39m[36mfrom[39m[33m-[39mposition)[33m,[39m[36mvar[39m([33m--[39mtw[33m-[39mgradient[33m-[39mto)[36mvar[39m([33m--[39mtw[33m-[39mgradient[33m-[39mto[33m-[39mposition))}[33m.[39mto[33m-[39mzinc[33m-[39m[35m800[39m{[33m--[39mtw[33m-[39mgradient[33m-[39mto[33m:[39m[36mvar[39m([33m--[39mcolor[33m-[39mzinc[33m-[39m[35m800[39m)[33m;[39m[33m--[39mtw[33m-[39mgradient[33m-[39mstops[33m:[39m[36mvar[39m([33m--[39mtw[33m-[39mgradient[33m-[39mvia[33m-[39mstops[33m,[39m[36mvar[39m([33m--[39mtw[33m-[39mgradient[33m-[39mposition)[33m,[39m[36mvar[39m([33m--[39mtw[33m-[39mgradient[33m-[39m[36mfrom[39m)[36mvar[39m([33m--[39mtw[33m-[39mgradient[33m-[39m[36mfrom[39m[33m-[39mposition)[33m,[39m[36mvar[39m([33m--[39mtw[33m-[39mgradient[33m-[39mto)[36mvar[39m([33m--[39mtw[33m-[39mgradient[33m-[39mto[33m-[39mposition))}[33m.[39mp[33m-[39m[35m1[39m{padding[33m:[39mcalc([36mvar[39m([33m--[39mspacing)[33m*[39m[35m1[39m)}[33m.[39mp[33m-[39m[35m3[39m{padding[33m:[39mcalc([36mvar[39m([33m--[39mspacing)[33m*[39m[35m3[39m)}[33m.[39mp[33m-[39m[35m4[39m{padding[33m:[39mcalc([36mvar[39m([33m--[39mspacing)[33m*[39m[35m4[39m)}[33m.[39mp[33m-[39m[35m5[39m{padding[33m:[39mcalc([36mvar[39m([33m--[39mspacing)[33m*[39m[35m5[39m)}[33m.[39mp[33m-[39m[35m6[39m{padding[33m:[39mcalc([36mvar[39m([33m--[39mspacing)[33m*[39m[35m6[39m)}[33m.[39mp[33m-[39m[35m8[39m{padding[33m:[39mcalc([36mvar[39m([33m--[39mspacing)[33m*[39m[35m8[39m)}[33m.[39mpx[33m-[39m[35m2[39m{padding[33m-[39minline[33m:[39mcalc([36mvar[39m([33m--[39mspacing)[33m*[39m[35m2[39m)}[33m.[39mpx[33m-[39m[35m3[39m{padding[33m-[39minline[33m:[39mcalc([36mvar[39m([33m--[39mspacing)[33m*[39m[35m3[39m)}[33m.[39mpx[33m-[39m[35m3[39m[37m[41m[1m\[22m[49m[39m[35m.5[39m{padding[33m-[39minline[33m:[39mcalc([36mvar[39m([33m--[39mspacing)[33m*[39m[35m3.5[39m)}[33m.[39mpx[33m-[39m[35m6[39m{padding[33m-[39minline[33m:[39mcalc([36mvar[39m([33m--[39mspacing)[33m*[39m[35m6[39m)}[33m.[39mpy[33m-[39m[35m0[39m[37m[41m[1m\[22m[49m[39m[35m.5[39m{padding[33m-[39mblock[33m:[39mcalc([36mvar[39m([33m--[39mspacing)[33m*[39m[35m.5[39m)}[33m.[39mpy[33m-[39m[35m1[39m{padding[33m-[39mblock[33m:[39mcalc([36mvar[39m([33m--[39mspacing)[33m*[39m[35m1[39m)}[33m.[39mpy[33m-[39m[35m1[39m[37m[41m[1m\[22m[49m[39m[35m.5[39m{padding[33m-[39mblock[33m:[39mcalc([36mvar[39m([33m--[39mspacing)[33m*[39m[35m1.5[39m)}[33m.[39mpy[33m-[39m[35m2[39m{padding[33m-[39mblock[33m:[39mcalc([36mvar[39m([33m--[39mspacing)[33m*[39m[35m2[39m)}[33m.[39mpy[33m-[39m[35m4[39m{padding[33m-[39mblock[33m:[39mcalc([36mvar[39m([33m--[39mspacing)[33m*[39m[35m4[39m)}[33m.[39mpy[33m-[39m[35m20[39m{padding[33m-[39mblock[33m:[39mcalc([36mvar[39m([33m--[39mspacing)[33m*[39m[35m20[39m)}[33m.[39mpt[33m-[39m[35m6[39m{padding[33m-[39mtop[33m:[39mcalc([36mvar[39m([33m--[39mspacing)[33m*[39m[35m6[39m)}[33m.[39mpr[33m-[39m[35m3[39m{padding[33m-[39mright[33m:[39mcalc([36mvar[39m([33m--[39mspacing)[33m*[39m[35m3[39m)}[33m.[39mpr[33m-[39m[35m4[39m{padding[33m-[39mright[33m:[39mcalc([36mvar[39m([33m--[39mspacing)[33m*[39m[35m4[39m)}[33m.[39mpl[33m-[39m[35m9[39m{padding[33m-[39mleft[33m:[39mcalc([36mvar[39m([33m--[39mspacing)[33m*[39m[35m9[39m)}[33m.[39mpl[33m-[39m[35m10[39m{padding[33m-[39mleft[33m:[39mcalc([36mvar[39m([33m--[39mspacing)[33m*[39m[35m10[39m)}[33m.[39mtext[33m-[39mcenter{text[33m-[39malign[33m:[39mcenter}[33m.[39mtext[33m-[39mleft{text[33m-[39malign[33m:[39mleft}[33m.[39mtext[33m-[39mright{text[33m-[39malign[33m:[39mright}[33m.[39mtext[33m-[39m[35m2[39mxl{font[33m-[39msize[33m:[39m[36mvar[39m([33m--[39mtext[33m-[39m[35m2[39mxl)[33m;[39mline[33m-[39mheight[33m:[39m[36mvar[39m([33m--[39mtw[33m-[39mleading[33m,[39m[36mvar[39m([33m--[39mtext[33m-[39m[35m2[39mxl[33m--[39mline[33m-[39mheight))}[33m.[39mtext[33m-[39m[35m3[39mxl{font[33m-[39msize[33m:[39m[36mvar[39m([33m--[39mtext[33m-[39m[35m3[39mxl)[33m;[39mline[33m-[39mheight[33m:[39m[36mvar[39m([33m--[39mtw[33m-[39mleading[33m,[39m[36mvar[39m([33m--[39mtext[33m-[39m[35m3[39mxl[33m--[39mline[33m-[39mheight))}[33m.[39mtext[33m-[39mlg{font[33m-[39msize[33m:[39m[36mvar[39m([33m--[39mtext[33m-[39mlg)[33m;[39mline[33m-[39mheight[33m:[39m[36mvar[39m([33m--[39mtw[33m-[39mleading[33m,[39m[36mvar[39m([33m--[39mtext[33m-[39mlg[33m--[39mline[33m-[39mheight))}[33m.[39mtext[33m-[39msm{font[33m-[39msize[33m:[39m[36mvar[39m([33m--[39mtext[33m-[39msm)[33m;[39mline[33m-[39mheight[33m:[39m[36mvar[39m([33m--[39mtw[33m-[39mleading[33m,[39m[36mvar[39m([33m--[39mtext[33m-[39msm[33m--[39mline[33m-[39mheight))}[33m.[39mtext[33m-[39mxl{font[33m-[39msize[33m:[39m[36mvar[39m([33m--[39mtext[33m-[39mxl)[33m;[39mline[33m-[39mheight[33m:[39m[36mvar[39m([33m--[39mtw[33m-[39mleading[33m,[39m[36mvar[39m([33m--[39mtext[33m-[39mxl[33m--[39mline[33m-[39mheight))}[33m.[39mtext[33m-[39mxs{font[33m-[39msize[33m:[39m[36mvar[39m([33m--[39mtext[33m-[39mxs)[33m;[39mline[33m-[39mheight[33m:[39m[36mvar[39m([33m--[39mtw[33m-[39mleading[33m,[39m[36mvar[39m([33m--[39mtext[33m-[39mxs[33m--[39mline[33m-[39mheight))}[33m.[39mtext[33m-[39m[37m[41m[1m\[22m[49m[39m[[35m10[39mpx[37m[41m[1m\[22m[49m[39m]{font[33m-[39msize[33m:[39m[35m10[39mpx}[33m.[39mfont[33m-[39mblack{[33m--[39mtw[33m-[39mfont[33m-[39mweight[33m:[39m[36mvar[39m([33m--[39mfont[33m-[39mweight[33m-[39mblack)[33m;[39mfont[33m-[39mweight[33m:[39m[36mvar[39m([33m--[39mfont[33m-[39mweight[33m-[39mblack)}[33m.[39mfont[33m-[39mbold{[33m--[39mtw[33m-[39mfont[33m-[39mweight[33m:[39m[36mvar[39m([33m--[39mfont[33m-[39mweight[33m-[39mbold)[33m;[39mfont[33m-[39mweight[33m:[39m[36mvar[39m([33m--[39mfont[33m-[39mweight[33m-[39mbold)}[33m.[39mfont[33m-[39mmedium{[33m--[39mtw[33m-[39mfont[33m-[39mweight[33m:[39m[36mvar[39m([33m--[39mfont[33m-[39mweight[33m-[39mmedium)[33m;[39mfont[33m-[39mweight[33m:[39m[36mvar[39m([33m--[39mfont[33m-[39mweight[33m-[39mmedium)}[33m.[39mfont[33m-[39msemibold{[33m--[39mtw[33m-[39mfont[33m-[39mweight[33m:[39m[36mvar[39m([33m--[39mfont[33m-[39mweight[33m-[39msemibold)[33m;[39mfont[33m-[39mweight[33m:[39m[36mvar[39m([33m--[39mfont[33m-[39mweight[33m-[39msemibold)}[33m.[39mtracking[33m-[39mtight{[33m--[39mtw[33m-[39mtracking[33m:[39m[36mvar[39m([33m--[39mtracking[33m-[39mtight)[33m;[39mletter[33m-[39mspacing[33m:[39m[36mvar[39m([33m--[39mtracking[33m-[39mtight)}[33m.[39mtracking[33m-[39mtighter{[33m--[39mtw[33m-[39mtracking[33m:[39m[36mvar[39m([33m--[39mtracking[33m-[39mtighter)[33m;[39mletter[33m-[39mspacing[33m:[39m[36mvar[39m([33m--[39mtracking[33m-[39mtighter)}[33m.[39mtracking[33m-[39mwider{[33m--[39mtw[33m-[39mtracking[33m:[39m[36mvar[39m([33m--[39mtracking[33m-[39mwider)[33m;[39mletter[33m-[39mspacing[33m:[39m[36mvar[39m([33m--[39mtracking[33m-[39mwider)}[33m.[39mtracking[33m-[39mwidest{[33m--[39mtw[33m-[39mtracking[33m:[39m[36mvar[39m([33m--[39mtracking[33m-[39mwidest)[33m;[39mletter[33m-[39mspacing[33m:[39m[36mvar[39m([33m--[39mtracking[33m-[39mwidest)}[33m.[39mtext[33m-[39mamber[33m-[39m[35m700[39m{color[33m:[39m[36mvar[39m([33m--[39mcolor[33m-[39mamber[33m-[39m[35m700[39m)}[33m.[39mtext[33m-[39mamber[33m-[39m[35m900[39m{color[33m:[39m[36mvar[39m([33m--[39mcolor[33m-[39mamber[33m-[39m[35m900[39m)}[33m.[39mtext[33m-[39memerald[33m-[39m[35m500[39m{color[33m:[39m[36mvar[39m([33m--[39mcolor[33m-[39memerald[33m-[39m[35m500[39m)}[33m.[39mtext[33m-[39memerald[33m-[39m[35m600[39m{color[33m:[39m[36mvar[39m([33m--[39mcolor[33m-[39memerald[33m-[39m[35m600[39m)}[33m.[39mtext[33m-[39memerald[33m-[39m[35m700[39m{color[33m:[39m[36mvar[39m([33m--[39mcolor[33m-[39memerald[33m-[39m[35m700[39m)}[33m.[39mtext[33m-[39mforeground[33m,[39m[33m.[39mtext[33m-[39mforeground[37m[41m[1m\[22m[49m[39m[33m/[39m[35m80[39m{color[33m:[39m[36mvar[39m([33m--[39mforeground)}[33m@[39msupports (color[33m:[39mcolor[33m-[39mmix([36min[39m lab[33m,[39m red[33m,[39m red)){[33m.[39mtext[33m-[39mforeground[37m[41m[1m\[22m[49m[39m[33m/[39m[35m80[39m{color[33m:[39mcolor[33m-[39mmix([36min[39m oklab[33m,[39m[36mvar[39m([33m--[39mforeground)[35m80[39m[33m%[39m[33m,[39mtransparent)}}[33m.[39mtext[33m-[39mindigo[33m-[39m[35m500[39m{color[33m:[39m[36mvar[39m([33m--[39mcolor[33m-[39mindigo[33m-[39m[35m500[39m)}[33m.[39mtext[33m-[39mindigo[33m-[39m[35m600[39m{color[33m:[39m[36mvar[39m([33m--[39mcolor[33m-[39mindigo[33m-[39m[35m600[39m)}[33m.[39mtext[33m-[39mrose[33m-[39m[35m500[39m{color[33m:[39m[36mvar[39m([33m--[39mcolor[33m-[39mrose[33m-[39m[35m500[39m)}[33m.[39mtext[33m-[39mrose[33m-[39m[35m700[39m{color[33m:[39m[36mvar[39m([33m--[39mcolor[33m-[39mrose[33m-[39m[35m700[39m)}[33m.[39mtext[33m-[39mwhite{color[33m:[39m[36mvar[39m([33m--[39mcolor[33m-[39mwhite)}[33m.[39mtext[33m-[39mzinc[33m-[39m[35m500[39m{color[33m:[39m[36mvar[39m([33m--[39mcolor[33m-[39mzinc[33m-[39m[35m500[39m)}[33m.[39mtext[33m-[39mzinc[33m-[39m[35m600[39m{color[33m:[39m[36mvar[39m([33m--[39mcolor[33m-[39mzinc[33m-[39m[35m600[39m)}[33m.[39mtext[33m-[39mzinc[33m-[39m[35m900[39m{color[33m:[39m[36mvar[39m([33m--[39mcolor[33m-[39mzinc[33m-[39m[35m900[39m)}[33m.[39muppercase{text[33m-[39mtransform[33m:[39muppercase}[33m.[39mantialiased{[33m-[39mwebkit[33m-[39mfont[33m-[39msmoothing[33m:[39mantialiased[33m;[39m[33m-[39mmoz[33m-[39mosx[33m-[39mfont[33m-[39msmoothing[33m:[39mgrayscale}[33m.[39mopacity[33m-[39m[35m60[39m{opacity[33m:[39m[35m.6[39m}[33m.[39mopacity[33m-[39m[35m80[39m{opacity[33m:[39m[35m.8[39m}[33m.[39mshadow[33m-[39m[35m2[39mxl{[33m--[39mtw[33m-[39mshadow[33m:[39m[35m0[39m [35m25[39mpx [35m50[39mpx [33m-[39m[35m12[39mpx [36mvar[39m([33m--[39mtw[33m-[39mshadow[33m-[39mcolor[33m,[39m[33m#[39m[35m00000040[39m)[33m;[39mbox[33m-[39mshadow[33m:[39m[36mvar[39m([33m--[39mtw[33m-[39minset[33m-[39mshadow)[33m,[39m[36mvar[39m([33m--[39mtw[33m-[39minset[33m-[39mring[33m-[39mshadow)[33m,[39m[36mvar[39m([33m--[39mtw[33m-[39mring[33m-[39moffset[33m-[39mshadow)[33m,[39m[36mvar[39m([33m--[39mtw[33m-[39mring[33m-[39mshadow)[33m,[39m[36mvar[39m([33m--[39mtw[33m-[39mshadow)}[33m.[39mshadow[33m-[39mlg{[33m--[39mtw[33m-[39mshadow[33m:[39m[35m0[39m [35m10[39mpx [35m15[39mpx [33m-[39m[35m3[39mpx [36mvar[39m([33m--[39mtw[33m-[39mshadow[33m-[39mcolor[33m,[39m[33m#[39m[35m0000001[39ma)[33m,[39m[35m0[39m [35m4[39mpx [35m6[39mpx [33m-[39m[35m4[39mpx [36mvar[39m([33m--[39mtw[33m-[39mshadow[33m-[39mcolor[33m,[39m[33m#[39m[35m0000001[39ma)[33m;[39mbox[33m-[39mshadow[33m:[39m[36mvar[39m([33m--[39mtw[33m-[39minset[33m-[39mshadow)[33m,[39m[36mvar[39m([33m--[39mtw[33m-[39minset[33m-[39mring[33m-[39mshadow)[33m,[39m[36mvar[39m([33m--[39mtw[33m-[39mring[33m-[39moffset[33m-[39mshadow)[33m,[39m[36mvar[39m([33m--[39mtw[33m-[39mring[33m-[39mshadow)[33m,[39m[36mvar[39m([33m--[39mtw[33m-[39mshadow)}[33m.[39mshadow[33m-[39msm{[33m--[39mtw[33m-[39mshadow[33m:[39m[35m0[39m [35m1[39mpx [35m3[39mpx [35m0[39m [36mvar[39m([33m--[39mtw[33m-[39mshadow[33m-[39mcolor[33m,[39m[33m#[39m[35m0000001[39ma)[33m,[39m[35m0[39m [35m1[39mpx [35m2[39mpx [33m-[39m[35m1[39mpx [36mvar[39m([33m--[39mtw[33m-[39mshadow[33m-[39mcolor[33m,[39m[33m#[39m[35m0000001[39ma)[33m;[39mbox[33m-[39mshadow[33m:[39m[36mvar[39m([33m--[39mtw[33m-[39minset[33m-[39mshadow)[33m,[39m[36mvar[39m([33m--[39mtw[33m-[39minset[33m-[39mring[33m-[39mshadow)[33m,[39m[36mvar[39m([33m--[39mtw[33m-[39mring[33m-[39moffset[33m-[39mshadow)[33m,[39m[36mvar[39m([33m--[39mtw[33m-[39mring[33m-[39mshadow)[33m,[39m[36mvar[39m([33m--[39mtw[33m-[39mshadow)}[33m.[39mshadow[33m-[39mxl{[33m--[39mtw[33m-[39mshadow[33m:[39m[35m0[39m [35m20[39mpx [35m25[39mpx [33m-[39m[35m5[39mpx [36mvar[39m([33m--[39mtw[33m-[39mshadow[33m-[39mcolor[33m,[39m[33m#[39m[35m0000001[39ma)[33m,[39m[35m0[39m [35m8[39mpx [35m10[39mpx [33m-[39m[35m6[39mpx [36mvar[39m([33m--[39mtw[33m-[39mshadow[33m-[39mcolor[33m,[39m[33m#[39m[35m0000001[39ma)[33m;[39mbox[33m-[39mshadow[33m:[39m[36mvar[39m([33m--[39mtw[33m-[39minset[33m-[39mshadow)[33m,[39m[36mvar[39m([33m--[39mtw[33m-[39minset[33m-[39mring[33m-[39mshadow)[33m,[39m[36mvar[39m([33m--[39mtw[33m-[39mring[33m-[39moffset[33m-[39mshadow)[33m,[39m[36mvar[39m([33m--[39mtw[33m-[39mring[33m-[39mshadow)[33m,[39m[36mvar[39m([33m--[39mtw[33m-[39mshadow)}[33m.[39mring[33m-[39m[35m2[39m{[33m--[39mtw[33m-[39mring[33m-[39mshadow[33m:[39m[36mvar[39m([33m--[39mtw[33m-[39mring[33m-[39minset[33m,[39m)[35m0[39m [35m0[39m [35m0[39m calc([35m2[39mpx [33m+[39m [36mvar[39m([33m--[39mtw[33m-[39mring[33m-[39moffset[33m-[39mwidth))[36mvar[39m([33m--[39mtw[33m-[39mring[33m-[39mcolor[33m,[39mcurrentcolor)[33m;[39mbox[33m-[39mshadow[33m:[39m[36mvar[39m([33m--[39mtw[33m-[39minset[33m-[39mshadow)[33m,[39m[36mvar[39m([33m--[39mtw[33m-[39minset[33m-[39mring[33m-[39mshadow)[33m,[39m[36mvar[39m([33m--[39mtw[33m-[39mring[33m-[39moffset[33m-[39mshadow)[33m,[39m[36mvar[39m([33m--[39mtw[33m-[39mring[33m-[39mshadow)[33m,[39m[36mvar[39m([33m--[39mtw[33m-[39mshadow)}[33m.[39mring[33m-[39m[35m4[39m{[33m--[39mtw[33m-[39mring[33m-[39mshadow[33m:[39m[36mvar[39m([33m--[39mtw[33m-[39mring[33m-[39minset[33m,[39m)[35m0[39m [35m0[39m [35m0[39m calc([35m4[39mpx [33m+[39m [36mvar[39m([33m--[39mtw[33m-[39mring[33m-[39moffset[33m-[39mwidth))[36mvar[39m([33m--[39mtw[33m-[39mring[33m-[39mcolor[33m,[39mcurrentcolor)[33m;[39mbox[33m-[39mshadow[33m:[39m[36mvar[39m([33m--[39mtw[33m-[39minset[33m-[39mshadow)[33m,[39m[36mvar[39m([33m--[39mtw[33m-[39minset[33m-[39mring[33m-[39mshadow)[33m,[39m[36mvar[39m([33m--[39mtw[33m-[39mring[33m-[39moffset[33m-[39mshadow)[33m,[39m[36mvar[39m([33m--[39mtw[33m-[39mring[33m-[39mshadow)[33m,[39m[36mvar[39m([33m--[39mtw[33m-[39mshadow)}[33m.[39mshadow[33m-[39mcurrent[37m[41m[1m\[22m[49m[39m[33m/[39m[35m20[39m{[33m--[39mtw[33m-[39mshadow[33m-[39mcolor[33m:[39mcurrentcolor}[33m@[39msupports (color[33m:[39mcolor[33m-[39mmix([36min[39m lab[33m,[39m red[33m,[39m red)){[33m.[39mshadow[33m-[39mcurrent[37m[41m[1m\[22m[49m[39m[33m/[39m[35m20[39m{[33m--[39mtw[33m-[39mshadow[33m-[39mcolor[33m:[39mcolor[33m-[39mmix([36min[39m oklab[33m,[39mcolor[33m-[39mmix([36min[39m oklab[33m,[39mcurrentcolor [35m20[39m[33m%[39m[33m,[39mtransparent)[36mvar[39m([33m--[39mtw[33m-[39mshadow[33m-[39malpha)[33m,[39mtransparent)}}[33m.[39mshadow[33m-[39mindigo[33m-[39m[35m500[39m[37m[41m[1m\[22m[49m[39m[33m/[39m[35m20[39m{[33m--[39mtw[33m-[39mshadow[33m-[39mcolor[33m:[39m[33m#[39m[35m625[39mfff33}[33m@[39msupports (color[33m:[39mcolor[33m-[39mmix([36min[39m lab[33m,[39m red[33m,[39m red)){[33m.[39mshadow[33m-[39mindigo[33m-[39m[35m500[39m[37m[41m[1m\[22m[49m[39m[33m/[39m[35m20[39m{[33m--[39mtw[33m-[39mshadow[33m-[39mcolor[33m:[39mcolor[33m-[39mmix([36min[39m oklab[33m,[39mcolor[33m-[39mmix([36min[39m oklab[33m,[39m[36mvar[39m([33m--[39mcolor[33m-[39mindigo[33m-[39m[35m500[39m)[35m20[39m[33m%[39m[33m,[39mtransparent)[36mvar[39m([33m--[39mtw[33m-[39mshadow[33m-[39malpha)[33m,[39mtransparent)}}[33m.[39mshadow[33m-[39mindigo[33m-[39m[35m500[39m[37m[41m[1m\[22m[49m[39m[33m/[39m[35m30[39m{[33m--[39mtw[33m-[39mshadow[33m-[39mcolor[33m:[39m[33m#[39m[35m625[39mfff4d}[33m@[39msupports (color[33m:[39mcolor[33m-[39mmix([36min[39m lab[33m,[39m red[33m,[39m red)){[33m.[39mshadow[33m-[39mindigo[33m-[39m[35m500[39m[37m[41m[1m\[22m[49m[39m[33m/[39m[35m30[39m{[33m--[39mtw[33m-[39mshadow[33m-[39mcolor[33m:[39mcolor[33m-[39mmix([36min[39m oklab[33m,[39mcolor[33m-[39mmix([36min[39m oklab[33m,[39m[36mvar[39m([33m--[39mcolor[33m-[39mindigo[33m-[39m[35m500[39m)[35m30[39m[33m%[39m[33m,[39mtransparent)[36mvar[39m([33m--[39mtw[33m-[39mshadow[33m-[39malpha)[33m,[39mtransparent)}}[33m.[39mshadow[33m-[39mindigo[33m-[39m[35m600[39m[37m[41m[1m\[22m[49m[39m[33m/[39m[35m20[39m{[33m--[39mtw[33m-[39mshadow[33m-[39mcolor[33m:[39m[33m#[39m[35m4[39mf39f633}[33m@[39msupports (color[33m:[39mcolor[33m-[39mmix([36min[39m lab[33m,[39m red[33m,[39m red)){[33m.[39mshadow[33m-[39mindigo[33m-[39m[35m600[39m[37m[41m[1m\[22m[49m[39m[33m/[39m[35m20[39m{[33m--[39mtw[33m-[39mshadow[33m-[39mcolor[33m:[39mcolor[33m-[39mmix([36min[39m oklab[33m,[39mcolor[33m-[39mmix([36min[39m oklab[33m,[39m[36mvar[39m([33m--[39mcolor[33m-[39mindigo[33m-[39m[35m600[39m)[35m20[39m[33m%[39m[33m,[39mtransparent)[36mvar[39m([33m--[39mtw[33m-[39mshadow[33m-[39malpha)[33m,[39mtransparent)}}[33m.[39mring[33m-[39mbackground{[33m--[39mtw[33m-[39mring[33m-[39mcolor[33m:[39m[36mvar[39m([33m--[39mbackground)}[33m.[39mblur[33m-[39m[35m2[39mxl{[33m--[39mtw[33m-[39mblur[33m:[39mblur([36mvar[39m([33m--[39mblur[33m-[39m[35m2[39mxl))[33m;[39mfilter[33m:[39m[36mvar[39m([33m--[39mtw[33m-[39mblur[33m,[39m)[36mvar[39m([33m--[39mtw[33m-[39mbrightness[33m,[39m)[36mvar[39m([33m--[39mtw[33m-[39mcontrast[33m,[39m)[36mvar[39m([33m--[39mtw[33m-[39mgrayscale[33m,[39m)[36mvar[39m([33m--[39mtw[33m-[39mhue[33m-[39mrotate[33m,[39m)[36mvar[39m([33m--[39mtw[33m-[39minvert[33m,[39m)[36mvar[39m([33m--[39mtw[33m-[39msaturate[33m,[39m)[36mvar[39m([33m--[39mtw[33m-[39msepia[33m,[39m)[36mvar[39m([33m--[39mtw[33m-[39mdrop[33m-[39mshadow[33m,[39m)}[33m.[39mblur[33m-[39m[35m3[39mxl{[33m--[39mtw[33m-[39mblur[33m:[39mblur([36mvar[39m([33m--[39mblur[33m-[39m[35m3[39mxl))[33m;[39mfilter[33m:[39m[36mvar[39m([33m--[39mtw[33m-[39mblur[33m,[39m)[36mvar[39m([33m--[39mtw[33m-[39mbrightness[33m,[39m)[36mvar[39m([33m--[39mtw[33m-[39mcontrast[33m,[39m)[36mvar[39m([33m--[39mtw[33m-[39mgrayscale[33m,[39m)[36mvar[39m([33m--[39mtw[33m-[39mhue[33m-[39mrotate[33m,[39m)[36mvar[39m([33m--[39mtw[33m-[39minvert[33m,[39m)[36mvar[39m([33m--[39mtw[33m-[39msaturate[33m,[39m)[36mvar[39m([33m--[39mtw[33m-[39msepia[33m,[39m)[36mvar[39m([33m--[39mtw[33m-[39mdrop[33m-[39mshadow[33m,[39m)}[33m.[39mfilter{filter[33m:[39m[36mvar[39m([33m--[39mtw[33m-[39mblur[33m,[39m)[36mvar[39m([33m--[39mtw[33m-[39mbrightness[33m,[39m)[36mvar[39m([33m--[39mtw[33m-[39mcontrast[33m,[39m)[36mvar[39m([33m--[39mtw[33m-[39mgrayscale[33m,[39m)[36mvar[39m([33m--[39mtw[33m-[39mhue[33m-[39mrotate[33m,[39m)[36mvar[39m([33m--[39mtw[33m-[39minvert[33m,[39m)[36mvar[39m([33m--[39mtw[33m-[39msaturate[33m,[39m)[36mvar[39m([33m--[39mtw[33m-[39msepia[33m,[39m)[36mvar[39m([33m--[39mtw[33m-[39mdrop[33m-[39mshadow[33m,[39m)}[33m.[39mbackdrop[33m-[39mblur[33m-[39mxl{[33m--[39mtw[33m-[39mbackdrop[33m-[39mblur[33m:[39mblur([36mvar[39m([33m--[39mblur[33m-[39mxl))[33m;[39m[33m-[39mwebkit[33m-[39mbackdrop[33m-[39mfilter[33m:[39m[36mvar[39m([33m--[39mtw[33m-[39mbackdrop[33m-[39mblur[33m,[39m)[36mvar[39m([33m--[39mtw[33m-[39mbackdrop[33m-[39mbrightness[33m,[39m)[36mvar[39m([33m--[39mtw[33m-[39mbackdrop[33m-[39mcontrast[33m,[39m)[36mvar[39m([33m--[39mtw[33m-[39mbackdrop[33m-[39mgrayscale[33m,[39m)[36mvar[39m([33m--[39mtw[33m-[39mbackdrop[33m-[39mhue[33m-[39mrotate[33m,[39m)[36mvar[39m([33m--[39mtw[33m-[39mbackdrop[33m-[39minvert[33m,[39m)[36mvar[39m([33m--[39mtw[33m-[39mbackdrop[33m-[39mopacity[33m,[39m)[36mvar[39m([33m--[39mtw[33m-[39mbackdrop[33m-[39msaturate[33m,[39m)[36mvar[39m([33m--[39mtw[33m-[39mbackdrop[33m-[39msepia[33m,[39m)[33m;[39mbackdrop[33m-[39mfilter[33m:[39m[36mvar[39m([33m--[39mtw[33m-[39mbackdrop[33m-[39mblur[33m,[39m)[36mvar[39m([33m--[39mtw[33m-[39mbackdrop[33m-[39mbrightness[33m,[39m)[36mvar[39m([33m--[39mtw[33m-[39mbackdrop[33m-[39mcontrast[33m,[39m)[36mvar[39m([33m--[39mtw[33m-[39mbackdrop[33m-[39mgrayscale[33m,[39m)[36mvar[39m([33m--[39mtw[33m-[39mbackdrop[33m-[39mhue[33m-[39mrotate[33m,[39m)[36mvar[39m([33m--[39mtw[33m-[39mbackdrop[33m-[39minvert[33m,[39m)[36mvar[39m([33m--[39mtw[33m-[39mbackdrop[33m-[39mopacity[33m,[39m)[36mvar[39m([33m--[39mtw[33m-[39mbackdrop[33m-[39msaturate[33m,[39m)[36mvar[39m([33m--[39mtw[33m-[39mbackdrop[33m-[39msepia[33m,[39m)}[33m.[39mtransition{transition[33m-[39mproperty[33m:[39mcolor[33m,[39mbackground[33m-[39mcolor[33m,[39mborder[33m-[39mcolor[33m,[39moutline[33m-[39mcolor[33m,[39mtext[33m-[39mdecoration[33m-[39mcolor[33m,[39mfill[33m,[39mstroke[33m,[39m[33m--[39mtw[33m-[39mgradient[33m-[39m[36mfrom[39m[33m,[39m[33m--[39mtw[33m-[39mgradient[33m-[39mvia[33m,[39m[33m--[39mtw[33m-[39mgradient[33m-[39mto[33m,[39mopacity[33m,[39mbox[33m-[39mshadow[33m,[39mtransform[33m,[39mtranslate[33m,[39mscale[33m,[39mrotate[33m,[39mfilter[33m,[39m[33m-[39mwebkit[33m-[39mbackdrop[33m-[39mfilter[33m,[39mbackdrop[33m-[39mfilter[33m,[39mdisplay[33m,[39mcontent[33m-[39mvisibility[33m,[39moverlay[33m,[39mpointer[33m-[39mevents[33m;[39mtransition[33m-[39mtiming[33m-[39m[36mfunction[39m[33m:[39m[36mvar[39m([33m--[39mtw[33m-[39mease[33m,[39m[36mvar[39m([33m--[39m[36mdefault[39m[33m-[39mtransition[33m-[39mtiming[33m-[39m[36mfunction[39m))[33m;[39mtransition[33m-[39mduration[33m:[39m[36mvar[39m([33m--[39mtw[33m-[39mduration[33m,[39m[36mvar[39m([33m--[39m[36mdefault[39m[33m-[39mtransition[33m-[39mduration))}[33m.[39mtransition[33m-[39mall{transition[33m-[39mproperty[33m:[39mall[33m;[39mtransition[33m-[39mtiming[33m-[39m[36mfunction[39m[33m:[39m[36mvar[39m([33m--[39mtw[33m-[39mease[33m,[39m[36mvar[39m([33m--[39m[36mdefault[39m[33m-[39mtransition[33m-[39mtiming[33m-[39m[36mfunction[39m))[33m;[39mtransition[33m-[39mduration[33m:[39m[36mvar[39m([33m--[39mtw[33m-[39mduration[33m,[39m[36mvar[39m([33m--[39m[36mdefault[39m[33m-[39mtransition[33m-[39mduration))}[33m.[39mtransition[33m-[39mcolors{transition[33m-[39mproperty[33m:[39mcolor[33m,[39mbackground[33m-[39mcolor[33m,[39mborder[33m-[39mcolor[33m,[39moutline[33m-[39mcolor[33m,[39mtext[33m-[39mdecoration[33m-[39mcolor[33m,[39mfill[33m,[39mstroke[33m,[39m[33m--[39mtw[33m-[39mgradient[33m-[39m[36mfrom[39m[33m,[39m[33m--[39mtw[33m-[39mgradient[33m-[39mvia[33m,[39m[33m--[39mtw[33m-[39mgradient[33m-[39mto[33m;[39mtransition[33m-[39mtiming[33m-[39m[36mfunction[39m[33m:[39m[36mvar[39m([33m--[39mtw[33m-[39mease[33m,[39m[36mvar[39m([33m--[39m[36mdefault[39m[33m-[39mtransition[33m-[39mtiming[33m-[39m[36mfunction[39m))[33m;[39mtransition[33m-[39mduration[33m:[39m[36mvar[39m([33m--[39mtw[33m-[39mduration[33m,[39m[36mvar[39m([33m--[39m[36mdefault[39m[33m-[39mtransition[33m-[39mduration))}[33m.[39mtransition[33m-[39mopacity{transition[33m-[39mproperty[33m:[39mopacity[33m;[39mtransition[33m-[39mtiming[33m-[39m[36mfunction[39m[33m:[39m[36mvar[39m([33m--[39mtw[33m-[39mease[33m,[39m[36mvar[39m([33m--[39m[36mdefault[39m[33m-[39mtransition[33m-[39mtiming[33m-[39m[36mfunction[39m))[33m;[39mtransition[33m-[39mduration[33m:[39m[36mvar[39m([33m--[39mtw[33m-[39mduration[33m,[39m[36mvar[39m([33m--[39m[36mdefault[39m[33m-[39mtransition[33m-[39mduration))}[33m.[39mtransition[33m-[39mtransform{transition[33m-[39mproperty[33m:[39mtransform[33m,[39mtranslate[33m,[39mscale[33m,[39mrotate[33m;[39mtransition[33m-[39mtiming[33m-[39m[36mfunction[39m[33m:[39m[36mvar[39m([33m--[39mtw[33m-[39mease[33m,[39m[36mvar[39m([33m--[39m[36mdefault[39m[33m-[39mtransition[33m-[39mtiming[33m-[39m[36mfunction[39m))[33m;[39mtransition[33m-[39mduration[33m:[39m[36mvar[39m([33m--[39mtw[33m-[39mduration[33m,[39m[36mvar[39m([33m--[39m[36mdefault[39m[33m-[39mtransition[33m-[39mduration))}[33m.[39mduration[33m-[39m[35m500[39m{[33m--[39mtw[33m-[39mduration[33m:[39m[35m.5[39ms[33m;[39mtransition[33m-[39mduration[33m:[39m[35m.5[39ms}[33m.[39moutline[33m-[39mnone{[33m--[39mtw[33m-[39moutline[33m-[39mstyle[33m:[39mnone[33m;[39moutline[33m-[39mstyle[33m:[39mnone}[33m@[39mmedia (hover[33m:[39mhover){[33m.[39mgroup[33m-[39mhover[37m[41m[1m\[22m[49m[39m[33m:[39mbg[33m-[39mindigo[33m-[39m[35m500[39m[37m[41m[1m\[22m[49m[39m[33m/[39m[35m10[39m[33m:[39mis([33m:[39mwhere([33m.[39mgroup)[33m:[39mhover [33m*[39m){background[33m-[39mcolor[33m:[39m[33m#[39m[35m625[39mfff1a}[33m@[39msupports (color[33m:[39mcolor[33m-[39mmix([36min[39m lab[33m,[39m red[33m,[39m red)){[33m.[39mgroup[33m-[39mhover[37m[41m[1m\[22m[49m[39m[33m:[39mbg[33m-[39mindigo[33m-[39m[35m500[39m[37m[41m[1m\[22m[49m[39m[33m/[39m[35m10[39m[33m:[39mis([33m:[39mwhere([33m.[39mgroup)[33m:[39mhover [33m*[39m){background[33m-[39mcolor[33m:[39mcolor[33m-[39mmix([36min[39m oklab[33m,[39m[36mvar[39m([33m--[39mcolor[33m-[39mindigo[33m-[39m[35m500[39m)[35m10[39m[33m%[39m[33m,[39mtransparent)}}[33m.[39mgroup[33m-[39mhover[37m[41m[1m\[22m[49m[39m[33m:[39mbg[33m-[39mindigo[33m-[39m[35m600[39m[33m:[39mis([33m:[39mwhere([33m.[39mgroup)[33m:[39mhover [33m*[39m){background[33m-[39mcolor[33m:[39m[36mvar[39m([33m--[39mcolor[33m-[39mindigo[33m-[39m[35m600[39m)}[33m.[39mgroup[33m-[39mhover[37m[41m[1m\[22m[49m[39m[33m:[39mbg[33m-[39mwhite[37m[41m[1m\[22m[49m[39m[33m/[39m[35m20[39m[33m:[39mis([33m:[39mwhere([33m.[39mgroup)[33m:[39mhover [33m*[39m){background[33m-[39mcolor[33m:[39m[33m#[39mfff3}[33m@[39msupports (color[33m:[39mcolor[33m-[39mmix([36min[39m lab[33m,[39m red[33m,[39m red)){[33m.[39mgroup[33m-[39mhover[37m[41m[1m\[22m[49m[39m[33m:[39mbg[33m-[39mwhite[37m[41m[1m\[22m[49m[39m[33m/[39m[35m20[39m[33m:[39mis([33m:[39mwhere([33m.[39mgroup)[33m:[39mhover [33m*[39m){background[33m-[39mcolor[33m:[39mcolor[33m-[39mmix([36min[39m oklab[33m,[39m[36mvar[39m([33m--[39mcolor[33m-[39mwhite)[35m20[39m[33m%[39m[33m,[39mtransparent)}}[33m.[39mgroup[33m-[39mhover[37m[41m[1m\[22m[49m[39m[33m:[39mtext[33m-[39mwhite[33m:[39mis([33m:[39mwhere([33m.[39mgroup)[33m:[39mhover [33m*[39m){color[33m:[39m[36mvar[39m([33m--[39mcolor[33m-[39mwhite)}[33m.[39mgroup[33m-[39mhover[37m[41m[1m\[22m[49m[39m[33m:[39mshadow[33m-[39mlg[33m:[39mis([33m:[39mwhere([33m.[39mgroup)[33m:[39mhover [33m*[39m){[33m--[39mtw[33m-[39mshadow[33m:[39m[35m0[39m [35m10[39mpx [35m15[39mpx [33m-[39m[35m3[39mpx [36mvar[39m([33m--[39mtw[33m-[39mshadow[33m-[39mcolor[33m,[39m[33m#[39m[35m0000001[39ma)[33m,[39m[35m0[39m [35m4[39mpx [35m6[39mpx [33m-[39m[35m4[39mpx [36mvar[39m([33m--[39mtw[33m-[39mshadow[33m-[39mcolor[33m,[39m[33m#[39m[35m0000001[39ma)[33m;[39mbox[33m-[39mshadow[33m:[39m[36mvar[39m([33m--[39mtw[33m-[39minset[33m-[39mshadow)[33m,[39m[36mvar[39m([33m--[39mtw[33m-[39minset[33m-[39mring[33m-[39mshadow)[33m,[39m[36mvar[39m([33m--[39mtw[33m-[39mring[33m-[39moffset[33m-[39mshadow)[33m,[39m[36mvar[39m([33m--[39mtw[33m-[39mring[33m-[39mshadow)[33m,[39m[36mvar[39m([33m--[39mtw[33m-[39mshadow)}[33m.[39mgroup[33m-[39mhover[37m[41m[1m\[22m[49m[39m[33m:[39mshadow[33m-[39mindigo[33m-[39m[35m500[39m[37m[41m[1m\[22m[49m[39m[33m/[39m[35m20[39m[33m:[39mis([33m:[39mwhere([33m.[39mgroup)[33m:[39mhover [33m*[39m){[33m--[39mtw[33m-[39mshadow[33m-[39mcolor[33m:[39m[33m#[39m[35m625[39mfff33}[33m@[39msupports (color[33m:[39mcolor[33m-[39mmix([36min[39m lab[33m,[39m red[33m,[39m red)){[33m.[39mgroup[33m-[39mhover[37m[41m[1m\[22m[49m[39m[33m:[39mshadow[33m-[39mindigo[33m-[39m[35m500[39m[37m[41m[1m\[22m[49m[39m[33m/[39m[35m20[39m[33m:[39mis([33m:[39mwhere([33m.[39mgroup)[33m:[39mhover [33m*[39m){[33m--[39mtw[33m-[39mshadow[33m-[39mcolor[33m:[39mcolor[33m-[39mmix([36min[39m oklab[33m,[39mcolor[33m-[39mmix([36min[39m oklab[33m,[39m[36mvar[39m([33m--[39mcolor[33m-[39mindigo[33m-[39m[35m500[39m)[35m20[39m[33m%[39m[33m,[39mtransparent)[36mvar[39m([33m--[39mtw[33m-[39mshadow[33m-[39malpha)[33m,[39mtransparent)}}}[33m.[39mselection[37m[41m[1m\[22m[49m[39m[33m:[39mbg[33m-[39mindigo[33m-[39m[35m100[39m [33m:[39m[33m:[39mselection{background[33m-[39mcolor[33m:[39m[36mvar[39m([33m--[39mcolor[33m-[39mindigo[33m-[39m[35m100[39m)}[33m.[39mselection[37m[41m[1m\[22m[49m[39m[33m:[39mbg[33m-[39mindigo[33m-[39m[35m100[39m[33m:[39m[33m:[39mselection{background[33m-[39mcolor[33m:[39m[36mvar[39m([33m--[39mcolor[33m-[39mindigo[33m-[39m[35m100[39m)}[33m.[39mselection[37m[41m[1m\[22m[49m[39m[33m:[39mtext[33m-[39mindigo[33m-[39m[35m900[39m [33m:[39m[33m:[39mselection{color[33m:[39m[36mvar[39m([33m--[39mcolor[33m-[39mindigo[33m-[39m[35m900[39m)}[33m.[39mselection[37m[41m[1m\[22m[49m[39m[33m:[39mtext[33m-[39mindigo[33m-[39m[35m900[39m[33m:[39m[33m:[39mselection{color[33m:[39m[36mvar[39m([33m--[39mcolor[33m-[39mindigo[33m-[39m[35m900[39m)}[33m@[39mmedia (hover[33m:[39mhover){[33m.[39mhover[37m[41m[1m\[22m[49m[39m[33m:[39mscale[33m-[39m[37m[41m[1m\[22m[49m[39m[[35m1[39m[37m[41m[1m\[22m[49m[39m[35m.02[39m[37m[41m[1m\[22m[49m[39m][33m:[39mhover{scale[33m:[39m[35m1.02[39m}[33m.[39mhover[37m[41m[1m\[22m[49m[39m[33m:[39mbg[33m-[39mzinc[33m-[39m[35m50[39m[33m:[39mhover{background[33m-[39mcolor[33m:[39m[36mvar[39m([33m--[39mcolor[33m-[39mzinc[33m-[39m[35m50[39m)}[33m.[39mhover[37m[41m[1m\[22m[49m[39m[33m:[39mtext[33m-[39mforeground[33m:[39mhover{color[33m:[39m[36mvar[39m([33m--[39mforeground)}[33m.[39mhover[37m[41m[1m\[22m[49m[39m[33m:[39mtext[33m-[39mzinc[33m-[39m[35m700[39m[33m:[39mhover{color[33m:[39m[36mvar[39m([33m--[39mcolor[33m-[39mzinc[33m-[39m[35m700[39m)}[33m.[39mhover[37m[41m[1m\[22m[49m[39m[33m:[39mopacity[33m-[39m[35m80[39m[33m:[39mhover{opacity[33m:[39m[35m.8[39m}[33m.[39mhover[37m[41m[1m\[22m[49m[39m[33m:[39mshadow[33m-[39mxl[33m:[39mhover{[33m--[39mtw[33m-[39mshadow[33m:[39m[35m0[39m [35m20[39mpx [35m25[39mpx [33m-[39m[35m5[39mpx [36mvar[39m([33m--[39mtw[33m-[39mshadow[33m-[39mcolor[33m,[39m[33m#[39m[35m0000001[39ma)[33m,[39m[35m0[39m [35m8[39mpx [35m10[39mpx [33m-[39m[35m6[39mpx [36mvar[39m([33m--[39mtw[33m-[39mshadow[33m-[39mcolor[33m,[39m[33m#[39m[35m0000001[39ma)[33m;[39mbox[33m-[39mshadow[33m:[39m[36mvar[39m([33m--[39mtw[33m-[39minset[33m-[39mshadow)[33m,[39m[36mvar[39m([33m--[39mtw[33m-[39minset[33m-[39mring[33m-[39mshadow)[33m,[39m[36mvar[39m([33m--[39mtw[33m-[39mring[33m-[39moffset[33m-[39mshadow)[33m,[39m[36mvar[39m([33m--[39mtw[33m-[39mring[33m-[39mshadow)[33m,[39m[36mvar[39m([33m--[39mtw[33m-[39mshadow)}[33m.[39mhover[37m[41m[1m\[22m[49m[39m[33m:[39mshadow[33m-[39mindigo[33m-[39m[35m500[39m[37m[41m[1m\[22m[49m[39m[33m/[39m[35m5[39m[33m:[39mhover{[33m--[39mtw[33m-[39mshadow[33m-[39mcolor[33m:[39m[33m#[39m[35m625[39mfff0d}[33m@[39msupports (color[33m:[39mcolor[33m-[39mmix([36min[39m lab[33m,[39m red[33m,[39m red)){[33m.[39mhover[37m[41m[1m\[22m[49m[39m[33m:[39mshadow[33m-[39mindigo[33m-[39m[35m500[39m[37m[41m[1m\[22m[49m[39m[33m/[39m[35m5[39m[33m:[39mhover{[33m--[39mtw[33m-[39mshadow[33m-[39mcolor[33m:[39mcolor[33m-[39mmix([36min[39m oklab[33m,[39mcolor[33m-[39mmix([36min[39m oklab[33m,[39m[36mvar[39m([33m--[39mcolor[33m-[39mindigo[33m-[39m[35m500[39m)[35m5[39m[33m%[39m[33m,[39mtransparent)[36mvar[39m([33m--[39mtw[33m-[39mshadow[33m-[39malpha)[33m,[39mtransparent)}}}[33m.[39mfocus[37m[41m[1m\[22m[49m[39m[33m:[39mborder[33m-[39mindigo[33m-[39m[35m500[39m[37m[41m[1m\[22m[49m[39m[33m/[39m[35m50[39m[33m:[39mfocus{border[33m-[39mcolor[33m:[39m[33m#[39m[35m625[39mfff80}[33m@[39msupports (color[33m:[39mcolor[33m-[39mmix([36min[39m lab[33m,[39m red[33m,[39m red)){[33m.[39mfocus[37m[41m[1m\[22m[49m[39m[33m:[39mborder[33m-[39mindigo[33m-[39m[35m500[39m[37m[41m[1m\[22m[49m[39m[33m/[39m[35m50[39m[33m:[39mfocus{border[33m-[39mcolor[33m:[39mcolor[33m-[39mmix([36min[39m oklab[33m,[39m[36mvar[39m([33m--[39mcolor[33m-[39mindigo[33m-[39m[35m500[39m)[35m50[39m[33m%[39m[33m,[39mtransparent)}}[33m.[39mfocus[37m[41m[1m\[22m[49m[39m[33m:[39mring[33m-[39m[35m4[39m[33m:[39mfocus{[33m--[39mtw[33m-[39mring[33m-[39mshadow[33m:[39m[36mvar[39m([33m--[39mtw[33m-[39mring[33m-[39minset[33m,[39m)[35m0[39m [35m0[39m [35m0[39m calc([35m4[39mpx [33m+[39m [36mvar[39m([33m--[39mtw[33m-[39mring[33m-[39moffset[33m-[39mwidth))[36mvar[39m([33m--[39mtw[33m-[39mring[33m-[39mcolor[33m,[39mcurrentcolor)[33m;[39mbox[33m-[39mshadow[33m:[39m[36mvar[39m([33m--[39mtw[33m-[39minset[33m-[39mshadow)[33m,[39m[36mvar[39m([33m--[39mtw[33m-[39minset[33m-[39mring[33m-[39mshadow)[33m,[39m[36mvar[39m([33m--[39mtw[33m-[39mring[33m-[39moffset[33m-[39mshadow)[33m,[39m[36mvar[39m([33m--[39mtw[33m-[39mring[33m-[39mshadow)[33m,[39m[36mvar[39m([33m--[39mtw[33m-[39mshadow)}[33m.[39mfocus[37m[41m[1m\[22m[49m[39m[33m:[39mring[33m-[39mindigo[33m-[39m[35m500[39m[37m[41m[1m\[22m[49m[39m[33m/[39m[35m10[39m[33m:[39mfocus{[33m--[39mtw[33m-[39mring[33m-[39mcolor[33m:[39m[33m#[39m[35m625[39mfff1a}[33m@[39msupports (color[33m:[39mcolor[33m-[39mmix([36min[39m lab[33m,[39m red[33m,[39m red)){[33m.[39mfocus[37m[41m[1m\[22m[49m[39m[33m:[39mring[33m-[39mindigo[33m-[39m[35m500[39m[37m[41m[1m\[22m[49m[39m[33m/[39m[35m10[39m[33m:[39mfocus{[33m--[39mtw[33m-[39mring[33m-[39mcolor[33m:[39mcolor[33m-[39mmix([36min[39m oklab[33m,[39m[36mvar[39m([33m--[39mcolor[33m-[39mindigo[33m-[39m[35m500[39m)[35m10[39m[33m%[39m[33m,[39mtransparent)}}[33m.[39mactive[37m[41m[1m\[22m[49m[39m[33m:[39mscale[33m-[39m[37m[41m[1m\[22m[49m[39m[[35m0[39m[37m[41m[1m\[22m[49m[39m[35m.98[39m[37m[41m[1m\[22m[49m[39m][33m:[39mactive{scale[33m:[39m[35m.98[39m}[33m.[39mdisabled[37m[41m[1m\[22m[49m[39m[33m:[39mopacity[33m-[39m[35m30[39m[33m:[39mdisabled{opacity[33m:[39m[35m.3[39m}[33m@[39mmedia (min[33m-[39mwidth[33m:[39m[35m40[39mrem){[33m.[39msm[37m[41m[1m\[22m[49m[39m[33m:[39mblock{display[33m:[39mblock}[33m.[39msm[37m[41m[1m\[22m[49m[39m[33m:[39mgrid[33m-[39mcols[33m-[39m[35m2[39m{grid[33m-[39mtemplate[33m-[39mcolumns[33m:[39mrepeat([35m2[39m[33m,[39mminmax([35m0[39m[33m,[39m[35m1[39mfr))}[33m.[39msm[37m[41m[1m\[22m[49m[39m[33m:[39mflex[33m-[39mrow{flex[33m-[39mdirection[33m:[39mrow}[33m.[39msm[37m[41m[1m\[22m[49m[39m[33m:[39mitems[33m-[39mcenter{align[33m-[39mitems[33m:[39mcenter}[33m.[39msm[37m[41m[1m\[22m[49m[39m[33m:[39mitems[33m-[39mend{align[33m-[39mitems[33m:[39mflex[33m-[39mend}[33m.[39msm[37m[41m[1m\[22m[49m[39m[33m:[39mjustify[33m-[39mbetween{justify[33m-[39mcontent[33m:[39mspace[33m-[39mbetween}}[33m@[39mmedia (min[33m-[39mwidth[33m:[39m[35m48[39mrem){[33m.[39mmd[37m[41m[1m\[22m[49m[39m[33m:[39mblock{display[33m:[39mblock}}[33m@[39mmedia (min[33m-[39mwidth[33m:[39m[35m64[39mrem){[33m.[39mlg[37m[41m[1m\[22m[49m[39m[33m:[39msticky{position[33m:[39msticky}[33m.[39mlg[37m[41m[1m\[22m[49m[39m[33m:[39mtop[33m-[39m[35m0[39m{top[33m:[39mcalc([36mvar[39m([33m--[39mspacing)[33m*[39m[35m0[39m)}[33m.[39mlg[37m[41m[1m\[22m[49m[39m[33m:[39mh[33m-[39mscreen{height[33m:[39m[35m100[39mvh}[33m.[39mlg[37m[41m[1m\[22m[49m[39m[33m:[39mw[33m-[39m[35m72[39m{width[33m:[39mcalc([36mvar[39m([33m--[39mspacing)[33m*[39m[35m72[39m)}[33m.[39mlg[37m[41m[1m\[22m[49m[39m[33m:[39mgrid[33m-[39mcols[33m-[39m[35m4[39m{grid[33m-[39mtemplate[33m-[39mcolumns[33m:[39mrepeat([35m4[39m[33m,[39mminmax([35m0[39m[33m,[39m[35m1[39mfr))}[33m.[39mlg[37m[41m[1m\[22m[49m[39m[33m:[39mflex[33m-[39mrow{flex[33m-[39mdirection[33m:[39mrow}[33m.[39mlg[37m[41m[1m\[22m[49m[39m[33m:[39mgap[33m-[39m[35m5[39m{gap[33m:[39mcalc([36mvar[39m([33m--[39mspacing)[33m*[39m[35m5[39m)}[33m.[39mlg[37m[41m[1m\[22m[49m[39m[33m:[39mp[33m-[39m[35m10[39m{padding[33m:[39mcalc([36mvar[39m([33m--[39mspacing)[33m*[39m[35m10[39m)}[33m.[39mlg[37m[41m[1m\[22m[49m[39m[33m:[39mpx[33m-[39m[35m10[39m{padding[33m-[39minline[33m:[39mcalc([36mvar[39m([33m--[39mspacing)[33m*[39m[35m10[39m)}[33m.[39mlg[37m[41m[1m\[22m[49m[39m[33m:[39mtext[33m-[39m[35m4[39mxl{font[33m-[39msize[33m:[39m[36mvar[39m([33m--[39mtext[33m-[39m[35m4[39mxl)[33m;[39mline[33m-[39mheight[33m:[39m[36mvar[39m([33m--[39mtw[33m-[39mleading[33m,[39m[36mvar[39m([33m--[39mtext[33m-[39m[35m4[39mxl[33m--[39mline[33m-[39mheight))}}[33m@[39mmedia (min[33m-[39mwidth[33m:[39m[35m80[39mrem){[33m.[39mxl[37m[41m[1m\[22m[49m[39m[33m:[39mcol[33m-[39mspan[33m-[39m[35m4[39m{grid[33m-[39mcolumn[33m:[39mspan [35m4[39m[33m/[39mspan [35m4[39m}[33m.[39mxl[37m[41m[1m\[22m[49m[39m[33m:[39mcol[33m-[39mspan[33m-[39m[35m5[39m{grid[33m-[39mcolumn[33m:[39mspan [35m5[39m[33m/[39mspan [35m5[39m}[33m.[39mxl[37m[41m[1m\[22m[49m[39m[33m:[39mcol[33m-[39mspan[33m-[39m[35m7[39m{grid[33m-[39mcolumn[33m:[39mspan [35m7[39m[33m/[39mspan [35m7[39m}[33m.[39mxl[37m[41m[1m\[22m[49m[39m[33m:[39mcol[33m-[39mspan[33m-[39m[35m8[39m{grid[33m-[39mcolumn[33m:[39mspan [35m8[39m[33m/[39mspan [35m8[39m}[33m.[39mxl[37m[41m[1m\[22m[49m[39m[33m:[39mw[33m-[39m[35m80[39m{width[33m:[39mcalc([36mvar[39m([33m--[39mspacing)[33m*[39m[35m80[39m)}[33m.[39mxl[37m[41m[1m\[22m[49m[39m[33m:[39mgrid[33m-[39mcols[33m-[39m[35m12[39m{grid[33m-[39mtemplate[33m-[39mcolumns[33m:[39mrepeat([35m12[39m[33m,[39mminmax([35m0[39m[33m,[39m[35m1[39mfr))}[33m.[39mxl[37m[41m[1m\[22m[49m[39m[33m:[39mflex[33m-[39mcol{flex[33m-[39mdirection[33m:[39mcolumn}}[33m@[39mmedia (min[33m-[39mwidth[33m:[39m[35m96[39mrem){[33m.[39m[37m[41m[1m\[22m[49m[39m[35m32[39m xl[37m[41m[1m\[22m[49m[39m[33m:[39mflex[33m-[39mrow{flex[33m-[39mdirection[33m:[39mrow}}[33m@[39mmedia (prefers[33m-[39mcolor[33m-[39mscheme[33m:[39mdark){[33m.[39mdark[37m[41m[1m\[22m[49m[39m[33m:[39mborder[33m-[39mzinc[33m-[39m[35m100[39m{border[33m-[39mcolor[33m:[39m[36mvar[39m([33m--[39mcolor[33m-[39mzinc[33m-[39m[35m100[39m)}[33m.[39mdark[37m[41m[1m\[22m[49m[39m[33m:[39mborder[33m-[39mzinc[33m-[39m[35m800[39m{border[33m-[39mcolor[33m:[39m[36mvar[39m([33m--[39mcolor[33m-[39mzinc[33m-[39m[35m800[39m)}[33m.[39mdark[37m[41m[1m\[22m[49m[39m[33m:[39mbg[33m-[39mamber[33m-[39m[35m900[39m[37m[41m[1m\[22m[49m[39m[33m/[39m[35m30[39m{background[33m-[39mcolor[33m:[39m[33m#[39m[35m7[39mb33064d}[33m@[39msupports (color[33m:[39mcolor[33m-[39mmix([36min[39m lab[33m,[39m red[33m,[39m red)){[33m.[39mdark[37m[41m[1m\[22m[49m[39m[33m:[39mbg[33m-[39mamber[33m-[39m[35m900[39m[37m[41m[1m\[22m[49m[39m[33m/[39m[35m30[39m{background[33m-[39mcolor[33m:[39mcolor[33m-[39mmix([36min[39m oklab[33m,[39m[36mvar[39m([33m--[39mcolor[33m-[39mamber[33m-[39m[35m900[39m)[35m30[39m[33m%[39m[33m,[39mtransparent)}}[33m.[39mdark[37m[41m[1m\[22m[49m[39m[33m:[39mbg[33m-[39memerald[33m-[39m[35m900[39m[37m[41m[1m\[22m[49m[39m[33m/[39m[35m30[39m{background[33m-[39mcolor[33m:[39m[33m#[39m[35m004e3[39mb4d}[33m@[39msupports (color[33m:[39mcolor[33m-[39mmix([36min[39m lab[33m,[39m red[33m,[39m red)){[33m.[39mdark[37m[41m[1m\[22m[49m[39m[33m:[39mbg[33m-[39memerald[33m-[39m[35m900[39m[37m[41m[1m\[22m[49m[39m[33m/[39m[35m30[39m{background[33m-[39mcolor[33m:[39mcolor[33m-[39mmix([36min[39m oklab[33m,[39m[36mvar[39m([33m--[39mcolor[33m-[39memerald[33m-[39m[35m900[39m)[35m30[39m[33m%[39m[33m,[39mtransparent)}}[33m.[39mdark[37m[41m[1m\[22m[49m[39m[33m:[39mbg[33m-[39mindigo[33m-[39m[35m900[39m[37m[41m[1m\[22m[49m[39m[33m/[39m[35m30[39m{background[33m-[39mcolor[33m:[39m[33m#[39m[35m312[39mc854d}[33m@[39msupports (color[33m:[39mcolor[33m-[39mmix([36min[39m lab[33m,[39m red[33m,[39m red)){[33m.[39mdark[37m[41m[1m\[22m[49m[39m[33m:[39mbg[33m-[39mindigo[33m-[39m[35m900[39m[37m[41m[1m\[22m[49m[39m[33m/[39m[35m30[39m{background[33m-[39mcolor[33m:[39mcolor[33m-[39mmix([36min[39m oklab[33m,[39m[36mvar[39m([33m--[39mcolor[33m-[39mindigo[33m-[39m[35m900[39m)[35m30[39m[33m%[39m[33m,[39mtransparent)}}[33m.[39mdark[37m[41m[1m\[22m[49m[39m[33m:[39mbg[33m-[39mrose[33m-[39m[35m900[39m[37m[41m[1m\[22m[49m[39m[33m/[39m[35m30[39m{background[33m-[39mcolor[33m:[39m[33m#[39m[35m8[39mb08364d}[33m@[39msupports (color[33m:[39mcolor[33m-[39mmix([36min[39m lab[33m,[39m red[33m,[39m red)){[33m.[39mdark[37m[41m[1m\[22m[49m[39m[33m:[39mbg[33m-[39mrose[33m-[39m[35m900[39m[37m[41m[1m\[22m[49m[39m[33m/[39m[35m30[39m{background[33m-[39mcolor[33m:[39mcolor[33m-[39mmix([36min[39m oklab[33m,[39m[36mvar[39m([33m--[39mcolor[33m-[39mrose[33m-[39m[35m900[39m)[35m30[39m[33m%[39m[33m,[39mtransparent)}}[33m.[39mdark[37m[41m[1m\[22m[49m[39m[33m:[39mbg[33m-[39mzinc[33m-[39m[35m300[39m{background[33m-[39mcolor[33m:[39m[36mvar[39m([33m--[39mcolor[33m-[39mzinc[33m-[39m[35m300[39m)}[33m.[39mdark[37m[41m[1m\[22m[49m[39m[33m:[39mbg[33m-[39mzinc[33m-[39m[35m700[39m{background[33m-[39mcolor[33m:[39m[36mvar[39m([33m--[39mcolor[33m-[39mzinc[33m-[39m[35m700[39m)}[33m.[39mdark[37m[41m[1m\[22m[49m[39m[33m:[39mbg[33m-[39mzinc[33m-[39m[35m800[39m{background[33m-[39mcolor[33m:[39m[36mvar[39m([33m--[39mcolor[33m-[39mzinc[33m-[39m[35m800[39m)}[33m.[39mdark[37m[41m[1m\[22m[49m[39m[33m:[39mbg[33m-[39mzinc[33m-[39m[35m900[39m{background[33m-[39mcolor[33m:[39m[36mvar[39m([33m--[39mcolor[33m-[39mzinc[33m-[39m[35m900[39m)}[33m.[39mdark[37m[41m[1m\[22m[49m[39m[33m:[39m[36mfrom[39m[33m-[39mzinc[33m-[39m[35m100[39m{[33m--[39mtw[33m-[39mgradient[33m-[39m[36mfrom[39m[33m:[39m[36mvar[39m([33m--[39mcolor[33m-[39mzinc[33m-[39m[35m100[39m)[33m;[39m[33m--[39mtw[33m-[39mgradient[33m-[39mstops[33m:[39m[36mvar[39m([33m--[39mtw[33m-[39mgradient[33m-[39mvia[33m-[39mstops[33m,[39m[36mvar[39m([33m--[39mtw[33m-[39mgradient[33m-[39mposition)[33m,[39m[36mvar[39m([33m--[39mtw[33m-[39mgradient[33m-[39m[36mfrom[39m)[36mvar[39m([33m--[39mtw[33m-[39mgradient[33m-[39m[36mfrom[39m[33m-[39mposition)[33m,[39m[36mvar[39m([33m--[39mtw[33m-[39mgradient[33m-[39mto)[36mvar[39m([33m--[39mtw[33m-[39mgradient[33m-[39mto[33m-[39mposition))}[33m.[39mdark[37m[41m[1m\[22m[49m[39m[33m:[39mto[33m-[39mzinc[33m-[39m[35m200[39m{[33m--[39mtw[33m-[39mgradient[33m-[39mto[33m:[39m[36mvar[39m([33m--[39mcolor[33m-[39mzinc[33m-[39m[35m200[39m)[33m;[39m[33m--[39mtw[33m-[39mgradient[33m-[39mstops[33m:[39m[36mvar[39m([33m--[39mtw[33m-[39mgradient[33m-[39mvia[33m-[39mstops[33m,[39m[36mvar[39m([33m--[39mtw[33m-[39mgradient[33m-[39mposition)[33m,[39m[36mvar[39m([33m--[39mtw[33m-[39mgradient[33m-[39m[36mfrom[39m)[36mvar[39m([33m--[39mtw[33m-[39mgradient[33m-[39m[36mfrom[39m[33m-[39mposition)[33m,[39m[36mvar[39m([33m--[39mtw[33m-[39mgradient[33m-[39mto)[36mvar[39m([33m--[39mtw[33m-[39mgradient[33m-[39mto[33m-[39mposition))}[33m.[39mdark[37m[41m[1m\[22m[49m[39m[33m:[39mtext[33m-[39mamber[33m-[39m[35m400[39m{color[33m:[39m[36mvar[39m([33m--[39mcolor[33m-[39mamber[33m-[39m[35m400[39m)}[33m.[39mdark[37m[41m[1m\[22m[49m[39m[33m:[39mtext[33m-[39memerald[33m-[39m[35m400[39m{color[33m:[39m[36mvar[39m([33m--[39mcolor[33m-[39memerald[33m-[39m[35m400[39m)}[33m.[39mdark[37m[41m[1m\[22m[49m[39m[33m:[39mtext[33m-[39mindigo[33m-[39m[35m400[39m{color[33m:[39m[36mvar[39m([33m--[39mcolor[33m-[39mindigo[33m-[39m[35m400[39m)}[33m.[39mdark[37m[41m[1m\[22m[49m[39m[33m:[39mtext[33m-[39mrose[33m-[39m[35m400[39m{color[33m:[39m[36mvar[39m([33m--[39mcolor[33m-[39mrose[33m-[39m[35m400[39m)}[33m.[39mdark[37m[41m[1m\[22m[49m[39m[33m:[39mtext[33m-[39mzinc[33m-[39m[35m50[39m{color[33m:[39m[36mvar[39m([33m--[39mcolor[33m-[39mzinc[33m-[39m[35m50[39m)}[33m.[39mdark[37m[41m[1m\[22m[49m[39m[33m:[39mtext[33m-[39mzinc[33m-[39m[35m400[39m{color[33m:[39m[36mvar[39m([33m--[39mcolor[33m-[39mzinc[33m-[39m[35m400[39m)}[33m.[39mdark[37m[41m[1m\[22m[49m[39m[33m:[39mtext[33m-[39mzinc[33m-[39m[35m900[39m{color[33m:[39m[36mvar[39m([33m--[39mcolor[33m-[39mzinc[33m-[39m[35m900[39m)}[33m.[39mdark[37m[41m[1m\[22m[49m[39m[33m:[39mselection[37m[41m[1m\[22m[49m[39m[33m:[39mbg[33m-[39mindigo[33m-[39m[35m900[39m[37m[41m[1m\[22m[49m[39m[33m/[39m[35m40[39m [33m:[39m[33m:[39mselection{background[33m-[39mcolor[33m:[39m[33m#[39m[35m312[39mc8566}[33m@[39msupports (color[33m:[39mcolor[33m-[39mmix([36min[39m lab[33m,[39m red[33m,[39m red)){[33m.[39mdark[37m[41m[1m\[22m[49m[39m[33m:[39mselection[37m[41m[1m\[22m[49m[39m[33m:[39mbg[33m-[39mindigo[33m-[39m[35m900[39m[37m[41m[1m\[22m[49m[39m[33m/[39m[35m40[39m [33m:[39m[33m:[39mselection{background[33m-[39mcolor[33m:[39mcolor[33m-[39mmix([36min[39m oklab[33m,[39m[36mvar[39m([33m--[39mcolor[33m-[39mindigo[33m-[39m[35m900[39m)[35m40[39m[33m%[39m[33m,[39mtransparent)}}[33m.[39mdark[37m[41m[1m\[22m[49m[39m[33m:[39mselection[37m[41m[1m\[22m[49m[39m[33m:[39mbg[33m-[39mindigo[33m-[39m[35m900[39m[37m[41m[1m\[22m[49m[39m[33m/[39m[35m40[39m[33m:[39m[33m:[39mselection{background[33m-[39mcolor[33m:[39m[33m#[39m[35m312[39mc8566}[33m@[39msupports (color[33m:[39mcolor[33m-[39mmix([36min[39m lab[33m,[39m red[33m,[39m red)){[33m.[39mdark[37m[41m[1m\[22m[49m[39m[33m:[39mselection[37m[41m[1m\[22m[49m[39m[33m:[39mbg[33m-[39mindigo[33m-[39m[35m900[39m[37m[41m[1m\[22m[49m[39m[33m/[39m[35m40[39m[33m:[39m[33m:[39mselection{background[33m-[39mcolor[33m:[39mcolor[33m-[39mmix([36min[39m oklab[33m,[39m[36mvar[39m([33m--[39mcolor[33m-[39mindigo[33m-[39m[35m900[39m)[35m40[39m[33m%[39m[33m,[39mtransparent)}}[33m.[39mdark[37m[41m[1m\[22m[49m[39m[33m:[39mselection[37m[41m[1m\[22m[49m[39m[33m:[39mtext[33m-[39mindigo[33m-[39m[35m100[39m [33m:[39m[33m:[39mselection{color[33m:[39m[36mvar[39m([33m--[39mcolor[33m-[39mindigo[33m-[39m[35m100[39m)}[33m.[39mdark[37m[41m[1m\[22m[49m[39m[33m:[39mselection[37m[41m[1m\[22m[49m[39m[33m:[39mtext[33m-[39mindigo[33m-[39m[35m100[39m[33m:[39m[33m:[39mselection{color[33m:[39m[36mvar[39m([33m--[39mcolor[33m-[39mindigo[33m-[39m[35m100[39m)}[33m@[39mmedia (hover[33m:[39mhover){[33m.[39mdark[37m[41m[1m\[22m[49m[39m[33m:[39mhover[37m[41m[1m\[22m[49m[39m[33m:[39mbg[33m-[39mzinc[33m-[39m[35m800[39m[33m:[39mhover{background[33m-[39mcolor[33m:[39m[36mvar[39m([33m--[39mcolor[33m-[39mzinc[33m-[39m[35m800[39m)}[33m.[39mdark[37m[41m[1m\[22m[49m[39m[33m:[39mhover[37m[41m[1m\[22m[49m[39m[33m:[39mtext[33m-[39mzinc[33m-[39m[35m300[39m[33m:[39mhover{color[33m:[39m[36mvar[39m([33m--[39mcolor[33m-[39mzinc[33m-[39m[35m300[39m)}}}}[33m:[39mroot{[33m--[39mbackground[33m:[39m[33m#[39mfff[33m;[39m[33m--[39mforeground[33m:[39m[33m#[39m[35m09090[39mb[33m;[39m[33m--[39mcard[33m:[39m[33m#[39mfff[33m;[39m[33m--[39mcard[33m-[39mforeground[33m:[39m[33m#[39m[35m09090[39mb[33m;[39m[33m--[39mpopover[33m:[39m[33m#[39mfff[33m;[39m[33m--[39mpopover[33m-[39mforeground[33m:[39m[33m#[39m[35m09090[39mb[33m;[39m[33m--[39mprimary[33m:[39m[33m#[39m[35m18181[39mb[33m;[39m[33m--[39mprimary[33m-[39mforeground[33m:[39m[33m#[39mfafafa[33m;[39m[33m--[39msecondary[33m:[39m[33m#[39mf4f4f5[33m;[39m[33m--[39msecondary[33m-[39mforeground[33m:[39m[33m#[39m[35m18181[39mb[33m;[39m[33m--[39mmuted[33m:[39m[33m#[39mf4f4f5[33m;[39m[33m--[39mmuted[33m-[39mforeground[33m:[39m[33m#[39m[35m71717[39ma[33m;[39m[33m--[39maccent[33m:[39m[33m#[39mf4f4f5[33m;[39m[33m--[39maccent[33m-[39mforeground[33m:[39m[33m#[39m[35m18181[39mb[33m;[39m[33m--[39mdestructive[33m:[39m[33m#[39mef4444[33m;[39m[33m--[39mdestructive[33m-[39mforeground[33m:[39m[33m#[39mfafafa[33m;[39m[33m--[39mborder[33m:[39m[33m#[39me4e4e7[33m;[39m[33m--[39minput[33m:[39m[33m#[39me4e4e7[33m;[39m[33m--[39mring[33m:[39m[33m#[39m[35m18181[39mb[33m;[39m[33m--[39mchart[33m-[39m[35m1[39m[33m:[39m[33m#[39me11d48[33m;[39m[33m--[39mchart[33m-[39m[35m2[39m[33m:[39m[33m#[39mf59e0b[33m;[39m[33m--[39mchart[33m-[39m[35m3[39m[33m:[39m[33m#[39m[35m2563[39meb[33m;[39m[33m--[39mchart[33m-[39m[35m4[39m[33m:[39m[33m#[39m[35m7[39mc3aed[33m;[39m[33m--[39mchart[33m-[39m[35m5[39m[33m:[39m[33m#[39m[35m10[39mb981}[33m.[39mdark{[33m--[39mbackground[33m:[39m[33m#[39m[35m09090[39mb[33m;[39m[33m--[39mforeground[33m:[39m[33m#[39mfafafa[33m;[39m[33m--[39mcard[33m:[39m[33m#[39m[35m09090[39mb[33m;[39m[33m--[39mcard[33m-[39mforeground[33m:[39m[33m#[39mfafafa[33m;[39m[33m--[39mpopover[33m:[39m[33m#[39m[35m09090[39mb[33m;[39m[33m--[39mpopover[33m-[39mforeground[33m:[39m[33m#[39mfafafa[33m;[39m[33m--[39mprimary[33m:[39m[33m#[39mfafafa[33m;[39m[33m--[39mprimary[33m-[39mforeground[33m:[39m[33m#[39m[35m18181[39mb[33m;[39m[33m--[39msecondary[33m:[39m[33m#[39m[35m27272[39ma[33m;[39m[33m--[39msecondary[33m-[39mforeground[33m:[39m[33m#[39mfafafa[33m;[39m[33m--[39mmuted[33m:[39m[33m#[39m[35m27272[39ma[33m;[39m[33m--[39mmuted[33m-[39mforeground[33m:[39m[33m#[39ma1a1aa[33m;[39m[33m--[39maccent[33m:[39m[33m#[39m[35m27272[39ma[33m;[39m[33m--[39maccent[33m-[39mforeground[33m:[39m[33m#[39mfafafa[33m;[39m[33m--[39mdestructive[33m:[39m[33m#[39m[35m7[39mf1d1d[33m;[39m[33m--[39mdestructive[33m-[39mforeground[33m:[39m[33m#[39mfafafa[33m;[39m[33m--[39mborder[33m:[39m[33m#[39m[35m27272[39ma[33m;[39m[33m--[39minput[33m:[39m[33m#[39m[35m27272[39ma[33m;[39m[33m--[39mring[33m:[39m[33m#[39md4d4d8[33m;[39m[33m--[39mchart[33m-[39m[35m1[39m[33m:[39m[33m#[39m[35m2563[39meb[33m;[39m[33m--[39mchart[33m-[39m[35m2[39m[33m:[39m[33m#[39m[35m10[39mb981[33m;[39m[33m--[39mchart[33m-[39m[35m3[39m[33m:[39m[33m#[39mf59e0b[33m;[39m[33m--[39mchart[33m-[39m[35m4[39m[33m:[39m[33m#[39m[35m7[39mc3aed[33m;[39m[33m--[39mchart[33m-[39m[35m5[39m[33m:[39m[33m#[39me11d48}body{background[33m-[39mcolor[33m:[39m[36mvar[39m([33m--[39mbackground)[33m;[39mcolor[33m:[39m[36mvar[39m([33m--[39mforeground)[33m;[39mfont[33m-[39mfamily[33m:[39m[36mvar[39m([33m--[39mfont[33m-[39msans)[33m,[39msystem[33m-[39mui[33m,[39msans[33m-[39mserif[33m;[39m[33m-[39mwebkit[33m-[39mfont[33m-[39msmoothing[33m:[39mantialiased[33m;[39m[33m-[39mmoz[33m-[39mosx[33m-[39mfont[33m-[39msmoothing[33m:[39mgrayscale}[33m.[39mglass{[33m-[39mwebkit[33m-[39mbackdrop[33m-[39mfilter[33m:[39mblur([35m12[39mpx)[33m;[39mbackground[33m:[39m[33m#[39mffffffb3[33m;[39mborder[33m:[39m[35m1[39mpx solid [33m#[39mfff3}[33m.[39mdark [33m.[39mglass{background[33m:[39m[33m#[39m[35m09090[39mbb3[33m;[39mborder[33m:[39m[35m1[39mpx solid [33m#[39mffffff0d}[33m:[39m[33m:[39m[33m-[39mwebkit[33m-[39mscrollbar{width[33m:[39m[35m8[39mpx[33m;[39mheight[33m:[39m[35m8[39mpx}[33m:[39m[33m:[39m[33m-[39mwebkit[33m-[39mscrollbar[33m-[39mtrack{background[33m:[39m[35m0[39m [35m0[39m}[33m:[39m[33m:[39m[33m-[39mwebkit[33m-[39mscrollbar[33m-[39mthumb{background[33m:[39m[33m#[39md4d4d8[33m;[39mborder[33m-[39mradius[33m:[39m[35m10[39mpx}[33m.[39mdark [33m:[39m[33m:[39mwebkit[33m-[39mscrollbar[33m-[39mthumb{background[33m:[39m[33m#[39m[35m27272[39ma}[33m:[39m[33m:[39m[33m-[39mwebkit[33m-[39mscrollbar[33m-[39mthumb[33m:[39mhover{background[33m:[39m[33m#[39ma1a1aa}[33m.[39mrecharts[33m-[39mcartesian[33m-[39mgrid[33m-[39mhorizontal line[33m,[39m[33m.[39mrecharts[33m-[39mcartesian[33m-[39mgrid[33m-[39mvertical line{stroke[33m:[39m[36mvar[39m([33m--[39mborder)[33m;[39mstroke[33m-[39mopacity[33m:[39m[35m.5[39m}[33m.[39mrecharts[33m-[39m[36mdefault[39m[33m-[39mtooltip{background[33m-[39mcolor[33m:[39m[36mvar[39m([33m--[39mcard)[33m![39mimportant[33m;[39mborder[33m:[39m[35m1[39mpx solid [36mvar[39m([33m--[39mborder)[33m![39mimportant[33m;[39mborder[33m-[39mradius[33m:[39m[35m.75[39mrem[33m![39mimportant[33m;[39mbox[33m-[39mshadow[33m:[39m[35m0[39m [35m10[39mpx [35m15[39mpx [33m-[39m[35m3[39mpx [33m#[39m[35m0000001[39ma[33m![39mimportant}[33m@[39mproperty [33m--[39mtw[33m-[39mtranslate[33m-[39mx{syntax[33m:[39m[32m"*"[39m[33m;[39minherits[33m:[39m[36mfalse[39m[33m;[39minitial[33m-[39mvalue[33m:[39m[35m0[39m}[33m@[39mproperty [33m--[39mtw[33m-[39mtranslate[33m-[39my{syntax[33m:[39m[32m"*"[39m[33m;[39minherits[33m:[39m[36mfalse[39m[33m;[39minitial[33m-[39mvalue[33m:[39m[35m0[39m}[33m@[39mproperty [33m--[39mtw[33m-[39mtranslate[33m-[39mz{syntax[33m:[39m[32m"*"[39m[33m;[39minherits[33m:[39m[36mfalse[39m[33m;[39minitial[33m-[39mvalue[33m:[39m[35m0[39m}[33m@[39mproperty [33m--[39mtw[33m-[39mspace[33m-[39mx[33m-[39mreverse{syntax[33m:[39m[32m"*"[39m[33m;[39minherits[33m:[39m[36mfalse[39m[33m;[39minitial[33m-[39mvalue[33m:[39m[35m0[39m}[33m@[39mproperty [33m--[39mtw[33m-[39mdivide[33m-[39my[33m-[39mreverse{syntax[33m:[39m[32m"*"[39m[33m;[39minherits[33m:[39m[36mfalse[39m[33m;[39minitial[33m-[39mvalue[33m:[39m[35m0[39m}[33m@[39mproperty [33m--[39mtw[33m-[39mborder[33m-[39mstyle{syntax[33m:[39m[32m"*"[39m[33m;[39minherits[33m:[39m[36mfalse[39m[33m;[39minitial[33m-[39mvalue[33m:[39msolid}[33m@[39mproperty [33m--[39mtw[33m-[39mgradient[33m-[39mposition{syntax[33m:[39m[32m"*"[39m[33m;[39minherits[33m:[39m[36mfalse[39m}[33m@[39mproperty [33m--[39mtw[33m-[39mgradient[33m-[39m[36mfrom[39m{syntax[33m:[39m[32m"<color>"[39m[33m;[39minherits[33m:[39m[36mfalse[39m[33m;[39minitial[33m-[39mvalue[33m:[39m[33m#[39m[35m0000[39m}[33m@[39mproperty [33m--[39mtw[33m-[39mgradient[33m-[39mvia{syntax[33m:[39m[32m"<color>"[39m[33m;[39minherits[33m:[39m[36mfalse[39m[33m;[39minitial[33m-[39mvalue[33m:[39m[33m#[39m[35m0000[39m}[33m@[39mproperty [33m--[39mtw[33m-[39mgradient[33m-[39mto{syntax[33m:[39m[32m"<color>"[39m[33m;[39minherits[33m:[39m[36mfalse[39m[33m;[39minitial[33m-[39mvalue[33m:[39m[33m#[39m[35m0000[39m}[33m@[39mproperty [33m--[39mtw[33m-[39mgradient[33m-[39mstops{syntax[33m:[39m[32m"*"[39m[33m;[39minherits[33m:[39m[36mfalse[39m}[33m@[39mproperty [33m--[39mtw[33m-[39mgradient[33m-[39mvia[33m-[39mstops{syntax[33m:[39m[32m"*"[39m[33m;[39minherits[33m:[39m[36mfalse[39m}[33m@[39mproperty [33m--[39mtw[33m-[39mgradient[33m-[39m[36mfrom[39m[33m-[39mposition{syntax[33m:[39m[32m"<length-percentage>"[39m[33m;[39minherits[33m:[39m[36mfalse[39m[33m;[39minitial[33m-[39mvalue[33m:[39m[35m0[39m[33m%[39m}[33m@[39mproperty [33m--[39mtw[33m-[39mgradient[33m-[39mvia[33m-[39mposition{syntax[33m:[39m[32m"<length-percentage>"[39m[33m;[39minherits[33m:[39m[36mfalse[39m[33m;[39minitial[33m-[39mvalue[33m:[39m[35m50[39m[33m%[39m}[33m@[39mproperty [33m--[39mtw[33m-[39mgradient[33m-[39mto[33m-[39mposition{syntax[33m:[39m[32m"<length-percentage>"[39m[33m;[39minherits[33m:[39m[36mfalse[39m[33m;[39minitial[33m-[39mvalue[33m:[39m[35m100[39m[33m%[39m}[33m@[39mproperty [33m--[39mtw[33m-[39mfont[33m-[39mweight{syntax[33m:[39m[32m"*"[39m[33m;[39minherits[33m:[39m[36mfalse[39m}[33m@[39mproperty [33m--[39mtw[33m-[39mtracking{syntax[33m:[39m[32m"*"[39m[33m;[39minherits[33m:[39m[36mfalse[39m}[33m@[39mproperty [33m--[39mtw[33m-[39mshadow{syntax[33m:[39m[32m"*"[39m[33m;[39minherits[33m:[39m[36mfalse[39m[33m;[39minitial[33m-[39mvalue[33m:[39m[35m0[39m [35m0[39m [33m#[39m[35m0000[39m}[33m@[39mproperty [33m--[39mtw[33m-[39mshadow[33m-[39mcolor{syntax[33m:[39m[32m"*"[39m[33m;[39minherits[33m:[39m[36mfalse[39m}[33m@[39mproperty [33m--[39mtw[33m-[39mshadow[33m-[39malpha{syntax[33m:[39m[32m"<percentage>"[39m[33m;[39minherits[33m:[39m[36mfalse[39m[33m;[39minitial[33m-[39mvalue[33m:[39m[35m100[39m[33m%[39m}[33m@[39mproperty [33m--[39mtw[33m-[39minset[33m-[39mshadow{syntax[33m:[39m[32m"*"[39m[33m;[39minherits[33m:[39m[36mfalse[39m[33m;[39minitial[33m-[39mvalue[33m:[39m[35m0[39m [35m0[39m [33m#[39m[35m0000[39m}[33m@[39mproperty [33m--[39mtw[33m-[39minset[33m-[39mshadow[33m-[39mcolor{syntax[33m:[39m[32m"*"[39m[33m;[39minherits[33m:[39m[36mfalse[39m}[33m@[39mproperty [33m--[39mtw[33m-[39minset[33m-[39mshadow[33m-[39malpha{syntax[33m:[39m[32m"<percentage>"[39m[33m;[39minherits[33m:[39m[36mfalse[39m[33m;[39minitial[33m-[39mvalue[33m:[39m[35m100[39m[33m%[39m}[33m@[39mproperty [33m--[39mtw[33m-[39mring[33m-[39mcolor{syntax[33m:[39m[32m"*"[39m[33m;[39minherits[33m:[39m[36mfalse[39m}[33m@[39mproperty [33m--[39mtw[33m-[39mring[33m-[39mshadow{syntax[33m:[39m[32m"*"[39m[33m;[39minherits[33m:[39m[36mfalse[39m[33m;[39minitial[33m-[39mvalue[33m:[39m[35m0[39m [35m0[39m [33m#[39m[35m0000[39m}[33m@[39mproperty [33m--[39mtw[33m-[39minset[33m-[39mring[33m-[39mcolor{syntax[33m:[39m[32m"*"[39m[33m;[39minherits[33m:[39m[36mfalse[39m}[33m@[39mproperty [33m--[39mtw[33m-[39minset[33m-[39mring[33m-[39mshadow{syntax[33m:[39m[32m"*"[39m[33m;[39minherits[33m:[39m[36mfalse[39m[33m;[39minitial[33m-[39mvalue[33m:[39m[35m0[39m [35m0[39m [33m#[39m[35m0000[39m}[33m@[39mproperty [33m--[39mtw[33m-[39mring[33m-[39minset{syntax[33m:[39m[32m"*"[39m[33m;[39minherits[33m:[39m[36mfalse[39m}[33m@[39mproperty [33m--[39mtw[33m-[39mring[33m-[39moffset[33m-[39mwidth{syntax[33m:[39m[32m"<length>"[39m[33m;[39minherits[33m:[39m[36mfalse[39m[33m;[39minitial[33m-[39mvalue[33m:[39m[35m0[39m}[33m@[39mproperty [33m--[39mtw[33m-[39mring[33m-[39moffset[33m-[39mcolor{syntax[33m:[39m[32m"*"[39m[33m;[39minherits[33m:[39m[36mfalse[39m[33m;[39minitial[33m-[39mvalue[33m:[39m[33m#[39mfff}[33m@[39mproperty [33m--[39mtw[33m-[39mring[33m-[39moffset[33m-[39mshadow{syntax[33m:[39m[32m"*"[39m[33m;[39minherits[33m:[39m[36mfalse[39m[33m;[39minitial[33m-[39mvalue[33m:[39m[35m0[39m [35m0[39m [33m#[39m[35m0000[39m}[33m@[39mproperty [33m--[39mtw[33m-[39mblur{syntax[33m:[39m[32m"*"[39m[33m;[39minherits[33m:[39m[36mfalse[39m}[33m@[39mproperty [33m--[39mtw[33m-[39mbrightness{syntax[33m:[39m[32m"*"[39m[33m;[39minherits[33m:[39m[36mfalse[39m}[33m@[39mproperty [33m--[39mtw[33m-[39mcontrast{syntax[33m:[39m[32m"*"[39m[33m;[39minherits[33m:[39m[36mfalse[39m}[33m@[39mproperty [33m--[39mtw[33m-[39mgrayscale{syntax[33m:[39m[32m"*"[39m[33m;[39minherits[33m:[39m[36mfalse[39m}[33m@[39mproperty [33m--[39mtw[33m-[39mhue[33m-[39mrotate{syntax[33m:[39m[32m"*"[39m[33m;[39minherits[33m:[39m[36mfalse[39m}[33m@[39mproperty [33m--[39mtw[33m-[39minvert{syntax[33m:[39m[32m"*"[39m[33m;[39minherits[33m:[39m[36mfalse[39m}[33m@[39mproperty [33m--[39mtw[33m-[39mopacity{syntax[33m:[39m[32m"*"[39m[33m;[39minherits[33m:[39m[36mfalse[39m}[33m@[39mproperty [33m--[39mtw[33m-[39msaturate{syntax[33m:[39m[32m"*"[39m[33m;[39minherits[33m:[39m[36mfalse[39m}[33m@[39mproperty [33m--[39mtw[33m-[39msepia{syntax[33m:[39m[32m"*"[39m[33m;[39minherits[33m:[39m[36mfalse[39m}[33m@[39mproperty [33m--[39mtw[33m-[39mdrop[33m-[39mshadow{syntax[33m:[39m[32m"*"[39m[33m;[39minherits[33m:[39m[36mfalse[39m}[33m@[39mproperty [33m--[39mtw[33m-[39mdrop[33m-[39mshadow[33m-[39mcolor{syntax[33m:[39m[32m"*"[39m[33m;[39minherits[33m:[39m[36mfalse[39m}[33m@[39mproperty [33m--[39mtw[33m-[39mdrop[33m-[39mshadow[33m-[39malpha{syntax[33m:[39m[32m"<percentage>"[39m[33m;[39minherits[33m:[39m[36mfalse[39m[33m;[39minitial[33m-[39mvalue[33m:[39m[35m100[39m[33m%[39m}[33m@[39mproperty [33m--[39mtw[33m-[39mdrop[33m-[39mshadow[33m-[39msize{syntax[33m:[39m[32m"*"[39m[33m;[39minherits[33m:[39m[36mfalse[39m}[33m@[39mproperty [33m--[39mtw[33m-[39mbackdrop[33m-[39mblur{syntax[33m:[39m[32m"*"[39m[33m;[39minherits[33m:[39m[36mfalse[39m}[33m@[39mproperty [33m--[39mtw[33m-[39mbackdrop[33m-[39mbrightness{syntax[33m:[39m[32m"*"[39m[33m;[39minherits[33m:[39m[36mfalse[39m}[33m@[39mproperty [33m--[39mtw[33m-[39mbackdrop[33m-[39mcontrast{syntax[33m:[39m[32m"*"[39m[33m;[39minherits[33m:[39m[36mfalse[39m}[33m@[39mproperty [33m--[39mtw[33m-[39mbackdrop[33m-[39mgrayscale{syntax[33m:[39m[32m"*"[39m[33m;[39minherits[33m:[39m[36mfalse[39m}[33m@[39mproperty [33m--[39mtw[33m-[39mbackdrop[33m-[39mhue[33m-[39mrotate{syntax[33m:[39m[32m"*"[39m[33m;[39minherits[33m:[39m[36mfalse[39m}[33m@[39mproperty [33m--[39mtw[33m-[39mbackdrop[33m-[39minvert{syntax[33m:[39m[32m"*"[39m[33m;[39minherits[33m:[39m[36mfalse[39m}[33m@[39mproperty [33m--[39mtw[33m-[39mbackdrop[33m-[39mopacity{syntax[33m:[39m[32m"*"[39m[33m;[39minherits[33m:[39m[36mfalse[39m}[33m@[39mproperty [33m--[39mtw[33m-[39mbackdrop[33m-[39msaturate{syntax[33m:[39m[32m"*"[39m[33m;[39minherits[33m:[39m[36mfalse[39m}[33m@[39mproperty [33m--[39mtw[33m-[39mbackdrop[33m-[39msepia{syntax[33m:[39m[32m"*"[39m[33m;[39minherits[33m:[39m[36mfalse[39m}[33m@[39mproperty [33m--[39mtw[33m-[39mduration{syntax[33m:[39m[32m"*"[39m[33m;[39minherits[33m:[39m[36mfalse[39m}[33m@[39mkeyframes spin{to{transform[33m:[39mrotate([35m360[39mdeg)}}[33m@[39mkeyframes pulse{[35m50[39m[33m%[39m{opacity[33m:[39m[35m.5[39m}}
 [90m   |[39m                                                                                                                                                                                                                                                                                                                                                                                                                                                                                                                                                                                                                                                                                                                                                                                                                                                                                                                                                                                                                                                                                                                                                                                                                                                                                                                                                                                                                                                                                                                                                                                                                                                                                                                                                                                                                                                                                                                                                                                                                                                                                                                                                                                                                                                                                                                                                                                                                                                                                                                                                                                                                                                                                                                                                                                                                                                                                                                                                                                                                                                                                                                                                                                                                                                                                                                                                                                                                                                                                                                                                                                                                                                                                                                                                                                                                                                                                                                                                                                                                                                                                                                                                                                                                                                                                                                                                                                                                                                                                                                                                                                                                                                                                                                                                                                                                                                                                                                                                                                                                                                                                                                                                                                                                                                                                                                                                                                                                                                                                                                                                                                                                                                                                                                                                                                                                                                                                                                                                                                                                                                                                                                                                                                                                                                                                                                                                                                                                                                                                                                                                                                                                                                                                                                                                                                                                                                                                                                                                                                                                                                                                                                                                                                                                                                                                                                                                                                                                                                                                                                                                                                                                                                                                                                                                                                                                                                                                                                                                                                                                                                                                                                                                                                                                                                                                                                                                                                                                                                                                                                                                                                                                                                                                                                                                                                                                                                                                                                                                                                                                                                                                                                                                                                                                                                                                                                                                                                                                                                                                                                                                                                                                                                                                                                                                                                                                                                                                                                                                                                                                                                                                                                                                                                                                                                                                                                                                                                                                                                                                                                                                                                                                                                                                                                                                                                                                                                                                                                                                                                                                                                                                                                                                                                                                                                                                                                                                                                                                                                                                                                                                                                                                                                                                                                                                                                                                                                                                                                                                                                                                                                                                                                                                                                                                                                                                                                                                                                                                                                                                                                                                                                                                                                                                                                                                                                                                                                                                                                                                                                                                                                                                                                                                                                                                                                                                                                                                                                                                                                                                                                                                                                                                                                                                                                                                                                                                                                                                                                                                                                                                                                                                                                                                                                                                                                                                                                                                                                                                                                                                                                                                                                                                                                                                                                                                                                                                                                                                                                                                                                                                                                                                                                                                                                                                                                                                                                                                                                                                                                                                                                                                                                                                                                                                                                                                                                                                                                                                                                                                                                                                                                                                                                                                                                                                                                                                                                                                                                                                                                                                                                                                                                                                                                                                                                                                                                                                                                                                                                                                                                                                                                                                                                                                                                                                                                                                                                                                                                                                                                                                                                                                                                                                                                                                                                                                                                                                                                                                                                                                                                                                                                                                                                                                                                                                                                                                                                                                                                                                                                                                                                                                                                                                                                                                                                                                                                                                                                                                                                                                                                                                                                                                                                                                                                                                                                                                                                                                                                                                                                                                                                                                                                                                                                                                                                                                                                                                                                                                                                                                                                                                                                                                                                                                                                                                                                                                                                                                                                                                                                                                                                                                                                                                                                                                                                                                                                                                                                                                                                                                                                                                                                                                                                                                                                                                                                                                                                                                                                                                                                                                                                                                                                                                                                                                                                                                                                                                                                                                                                                                                                                                                                                                                                                                                                                                                                                                                                                                                                                                                                                                                                                                                                                                                                                                                                                                                                                                                                                                                                                                                                                                                                                                                                                                                                                                                                                                                                                                                                                                                                                                                                                                                                                                                                                                                                                                                                                                                                                                                                                                                                                                                                                                                                                                                                                                                                                                                                                                                                                                                                                                                                                                                                                                                                                                                                                                                                                                                                                                                                                                                                                                                                                                                                                                                                                                                                                                                                                                                                                                                                                                                                                                                                                                                                                                                                                                                                                                                                                                                                                                                                                                                                                                                                                                                                                                                                                                                                                                                                                                                                                                                                                                                                                                                                                                                                                                                                                                                                                                                                                                                                                                                                                                                                                                                                                                                                                                                                                                                                                                                                                                                                                                                                                                                                                                                                                                                                                                                                                                                                                                                                                                                                                                                                                                                                                                                                                                                                                                                                                                                                                                                                                                                                                                                                                                                                                                                                                                                                                                                                                                                                                                                                                                                                                                                                                                                                                                                                                                                                                                                                                                                                                                                                                                                                                                                                                                                                                                                                                                                                                                                                                                                                                                                                                                                                                                                                                                                                                                                                                                                                                                                                                                                                                                                                                                                                                                                                                                                                                                                                                                                                                                                                                                                                                                                                                                                                                                                                                                                                                                                                                                                                                                                                                                                                                                                                                                                                                                                                                                                                                                                                                                                                                                                                                                                                                                                                                                                                                                                                                                                                                                                                                                                                                                                                                                                                                                                                                                                                                                                                                                                                                                                                                                                                                                                                                                                                                                                                                                                                                                                                                                                                                                                                                                                           [31m[1m^[22m[39m
 [90m 3 |[39m[0m

'webkit-scrollbar-thumb' is not recognized as a valid pseudo-element. Did you mean ':webkit-scrollbar-thumb' (pseudo-class) or is this a typo?

Import trace:
  Client Component Browser:
    ./app/globals.css [Client Component Browser]
    ./app/layout.tsx [Server Component]


    at <unknown> (./app/globals.css:2:32299)
 ELIFECYCLE  Command failed with exit code 1.
